Component: ARM Compiler 5.06 update 6 (build 750) Tool: armlink [4d35ed]

==============================================================================

Section Cross References

    main.o(i.main) refers to system_at32f4xx.o(i.SystemInit) for SystemInit
    main.o(i.main) refers to misc.o(i.NVIC_PriorityGroupConfig) for NVIC_PriorityGroupConfig
    main.o(i.main) refers to misc.o(i.NVIC_SetVectorTable) for NVIC_SetVectorTable
    main.o(i.main) refers to timer.o(i.timer2_init) for timer2_init
    main.o(i.main) refers to ts06.o(i.ts06_init) for ts06_init
    main.o(i.main) refers to led.o(i.led_init) for led_init
    main.o(i.main) refers to buzzer.o(i.buzzer_init) for buzzer_init
    main.o(i.main) refers to nrf24l01.o(i.nrf24_init) for nrf24_init
    main.o(i.main) refers to infrade_r.o(i.infrared_rx_init) for infrared_rx_init
    main.o(i.main) refers to task.o(i.task_handler) for task_handler
    main.o(i.main) refers to wdg.o(i.IWDG_Feed) for IWDG_Feed
    main.o(i.main) refers to ts06.o(.data) for ts06
    main.o(i.main) refers to led.o(.data) for led
    main.o(i.main) refers to buzzer.o(.data) for buzzer
    main.o(i.main) refers to nrf24l01.o(.data) for nrf24
    utils.o(i.Modbus_CRC16) refers to utils.o(.constdata) for auchCRCHi
    task.o(i.TMR2_GLOBAL_IRQHandler) refers to at32f4xx_tim.o(i.TMR_GetINTStatus) for TMR_GetINTStatus
    task.o(i.TMR2_GLOBAL_IRQHandler) refers to task.o(i.task_scheduler) for task_scheduler
    task.o(i.TMR2_GLOBAL_IRQHandler) refers to at32f4xx_tim.o(i.TMR_ClearITPendingBit) for TMR_ClearITPendingBit
    task.o(i.task_handler) refers to task.o(.data) for i
    task.o(i.task_scheduler) refers to task.o(.data) for i
    task.o(.data) refers to led.o(i.led_thread_entry) for led_thread_entry
    task.o(.data) refers to ts06.o(i.key_thread_entry) for key_thread_entry
    task.o(.data) refers to nrf24l01.o(i.rf_thread_entry) for rf_thread_entry
    task.o(.data) refers to infrade_r.o(i.ir_thread_entry) for ir_thread_entry
    24cxx.o(i.at24c_default) refers to memseta.o(.text) for __aeabi_memset
    24cxx.o(i.at24c_default) refers to 24cxx.o(i.at24c_write_byaddr) for at24c_write_byaddr
    24cxx.o(i.at24c_default) refers to 24cxx.o(i.at24c_writebyte) for at24c_writebyte
    24cxx.o(i.at24c_default) refers to 24cxx.o(.bss) for AT24X_FLASH_BUF
    24cxx.o(i.at24c_device_check) refers to 24cxx.o(i.at24cx_databuff_get) for at24cx_databuff_get
    24cxx.o(i.at24c_device_check) refers to 24cxx.o(i.at24c_readbyte) for at24c_readbyte
    24cxx.o(i.at24c_device_check) refers to 24cxx.o(i.at24c_read_byaddr) for at24c_read_byaddr
    24cxx.o(i.at24c_device_check) refers to 24cxx.o(.bss) for AT24X_FLASH_BUF
    24cxx.o(i.at24c_device_register) refers to myiic.o(i.iic_init) for iic_init
    24cxx.o(i.at24c_gpio_init) refers to at32f4xx_rcc.o(i.RCC_APB2PeriphClockCmd) for RCC_APB2PeriphClockCmd
    24cxx.o(i.at24c_gpio_init) refers to at32f4xx_gpio.o(i.GPIO_Init) for GPIO_Init
    24cxx.o(i.at24c_read_byaddr) refers to 24cxx.o(i.at24c_readbyte) for at24c_readbyte
    24cxx.o(i.at24c_readbyte) refers to myiic.o(i.iic_start) for iic_start
    24cxx.o(i.at24c_readbyte) refers to myiic.o(i.iic_sendbyte) for iic_sendbyte
    24cxx.o(i.at24c_readbyte) refers to myiic.o(i.iic_wait_ack) for iic_wait_ack
    24cxx.o(i.at24c_readbyte) refers to myiic.o(i.iic_readbyte) for iic_readbyte
    24cxx.o(i.at24c_readbyte) refers to myiic.o(i.iic_stop) for iic_stop
    24cxx.o(i.at24c_readnbytes) refers to 24cxx.o(i.at24c_readbyte) for at24c_readbyte
    24cxx.o(i.at24c_sck_out) refers to at32f4xx_gpio.o(i.GPIO_ResetBits) for GPIO_ResetBits
    24cxx.o(i.at24c_sck_out) refers to at32f4xx_gpio.o(i.GPIO_SetBits) for GPIO_SetBits
    24cxx.o(i.at24c_sda_out) refers to at32f4xx_gpio.o(i.GPIO_ResetBits) for GPIO_ResetBits
    24cxx.o(i.at24c_sda_out) refers to at32f4xx_gpio.o(i.GPIO_SetBits) for GPIO_SetBits
    24cxx.o(i.at24c_sda_read) refers to at32f4xx_gpio.o(i.GPIO_ReadInputDataBit) for GPIO_ReadInputDataBit
    24cxx.o(i.at24c_write_byaddr) refers to 24cxx.o(i.at24c_writebyte) for at24c_writebyte
    24cxx.o(i.at24c_writebyte) refers to myiic.o(i.iic_start) for iic_start
    24cxx.o(i.at24c_writebyte) refers to myiic.o(i.iic_sendbyte) for iic_sendbyte
    24cxx.o(i.at24c_writebyte) refers to myiic.o(i.iic_wait_ack) for iic_wait_ack
    24cxx.o(i.at24c_writebyte) refers to myiic.o(i.iic_stop) for iic_stop
    24cxx.o(i.at24c_writebyte) refers to myiic.o(i.iic_delayms) for iic_delayms
    24cxx.o(i.at24c_writenbytes) refers to 24cxx.o(i.at24c_writebyte) for at24c_writebyte
    24cxx.o(i.at24cx_databuff_get) refers to 24cxx.o(i.at24c_readbyte) for at24c_readbyte
    24cxx.o(i.at24cx_databuff_get) refers to 24cxx.o(i.at24c_read_byaddr) for at24c_read_byaddr
    24cxx.o(i.at24cx_databuff_get) refers to 24cxx.o(i.at24c_write_byaddr) for at24c_write_byaddr
    24cxx.o(i.at24cx_databuff_get) refers to 24cxx.o(i.at24c_writebyte) for at24c_writebyte
[...]
    i.TMR_ICInit                             0x08001268   Section        0  at32f4xx_tim.o(i.TMR_ICInit)
    i.TMR_INTConfig                          0x08001308   Section        0  at32f4xx_tim.o(i.TMR_INTConfig)
    i.TMR_OC2PolarityConfig                  0x0800131a   Section        0  at32f4xx_tim.o(i.TMR_OC2PolarityConfig)
    i.TMR_SetCounter                         0x08001334   Section        0  at32f4xx_tim.o(i.TMR_SetCounter)
    i.TMR_SetIC1DIV                          0x08001338   Section        0  at32f4xx_tim.o(i.TMR_SetIC1DIV)
    i.TMR_SetIC2DIV                          0x0800134a   Section        0  at32f4xx_tim.o(i.TMR_SetIC2DIV)
    i.TMR_SetIC3DIV                          0x08001364   Section        0  at32f4xx_tim.o(i.TMR_SetIC3DIV)
    i.TMR_SetIC4DIV                          0x08001376   Section        0  at32f4xx_tim.o(i.TMR_SetIC4DIV)
    i.TMR_TimeBaseInit                       0x08001390   Section        0  at32f4xx_tim.o(i.TMR_TimeBaseInit)
    i.USART1_IRQHandler                      0x080013e8   Section        0  usart.o(i.USART1_IRQHandler)
    i.USART2_IRQHandler                      0x0800146c   Section        0  usart.o(i.USART2_IRQHandler)
    i.USART_ClearFlag                        0x080014f0   Section        0  at32f4xx_usart.o(i.USART_ClearFlag)
    i.USART_ClearITPendingBit                0x08001502   Section        0  at32f4xx_usart.o(i.USART_ClearITPendingBit)
    i.USART_GetFlagStatus                    0x08001520   Section        0  at32f4xx_usart.o(i.USART_GetFlagStatus)
    i.USART_GetITStatus                      0x0800153a   Section        0  at32f4xx_usart.o(i.USART_GetITStatus)
    i.USART_ReceiveData                      0x0800158e   Section        0  at32f4xx_usart.o(i.USART_ReceiveData)
    i.__0vsnprintf                           0x08001598   Section        0  printfa.o(i.__0vsnprintf)
    i.__scatterload_copy                     0x080015c4   Section       14  handlers.o(i.__scatterload_copy)
    i.__scatterload_null                     0x080015d2   Section        2  handlers.o(i.__scatterload_null)
    i.__scatterload_zeroinit                 0x080015d4   Section       14  handlers.o(i.__scatterload_zeroinit)
    i._fp_digits                             0x080015e4   Section        0  printfa.o(i._fp_digits)
    _fp_digits                               0x080015e5   Thumb Code   366  printfa.o(i._fp_digits)
    i._printf_core                           0x08001768   Section        0  printfa.o(i._printf_core)
    _printf_core                             0x08001769   Thumb Code  1744  printfa.o(i._printf_core)
    i._printf_post_padding                   0x08001e44   Section        0  printfa.o(i._printf_post_padding)
    _printf_post_padding                     0x08001e45   Thumb Code    36  printfa.o(i._printf_post_padding)
    i._printf_pre_padding                    0x08001e68   Section        0  printfa.o(i._printf_pre_padding)
    _printf_pre_padding                      0x08001e69   Thumb Code    46  printfa.o(i._printf_pre_padding)
    i._snputc                                0x08001e96   Section        0  printfa.o(i._snputc)
    _snputc                                  0x08001e97   Thumb Code    22  printfa.o(i._snputc)
    i.blue_red_drv                           0x08001eac   Section        0  led.o(i.blue_red_drv)
    i.buzzer_init                            0x08001ecc   Section        0  buzzer.o(i.buzzer_init)
    i.buzzer_speak                           0x08001f0c   Section        0  buzzer.o(i.buzzer_speak)
    i.buzzer_start                           0x08001f84   Section        0  buzzer.o(i.buzzer_start)
    i.buzzer_thread_entry                    0x08001fa4   Section        0  buzzer.o(i.buzzer_thread_entry)
    i.data_bitreverse                        0x08001fb4   Section        0  myiic.o(i.data_bitreverse)
    i.getkey                                 0x08001fe8   Section        0  ts06.o(i.getkey)
    i.holdkey_handle                         0x080020c4   Section        0  ts06.o(i.holdkey_handle)
    i.iic_ack                                0x080020ea   Section        0  myiic.o(i.iic_ack)
    i.iic_delayms                            0x0800211a   Section        0  myiic.o(i.iic_delayms)
    i.iic_init                               0x08002128   Section        0  myiic.o(i.iic_init)
    i.iic_nack                               0x0800213e   Section        0  myiic.o(i.iic_nack)
    i.iic_readbyte                           0x0800216e   Section        0  myiic.o(i.iic_readbyte)
    i.iic_sendbyte                           0x080021c6   Section        0  myiic.o(i.iic_sendbyte)
    i.iic_start                              0x08002220   Section        0  myiic.o(i.iic_start)
    i.iic_stop                               0x08002250   Section        0  myiic.o(i.iic_stop)
    i.iic_wait_ack                           0x08002280   Section        0  myiic.o(i.iic_wait_ack)
    i.infrade_rx_interrupt                   0x080022ca   Section        0  infrade_r.o(i.infrade_rx_interrupt)
    i.infrared_rx_init                       0x08002314   Section        0  infrade_r.o(i.infrared_rx_init)
    i.ir_code_parse                          0x08002350   Section        0  infrade_r.o(i.ir_code_parse)
    ir_code_parse                            0x08002351   Thumb Code   160  infrade_r.o(i.ir_code_parse)
    i.ir_status_analyze                      0x08002400   Section        0  infrade_r.o(i.ir_status_analyze)
    ir_status_analyze                        0x08002401   Thumb Code    72  infrade_r.o(i.ir_status_analyze)
    i.ir_study_record                        0x08002448   Section        0  infrade_r.o(i.ir_study_record)
    ir_study_record                          0x08002449   Thumb Code    98  infrade_r.o(i.ir_study_record)
    i.ir_study_status                        0x080024b4   Section        0  infrade_r.o(i.ir_study_status)
    ir_study_status                          0x080024b5   Thumb Code    28  infrade_r.o(i.ir_study_status)
    i.ir_thread_entry                        0x080024d0   Section        0  infrade_r.o(i.ir_thread_entry)
    i.ir_wave_analyze                        0x080024e8   Section        0  infrade_r.o(i.ir_wave_analyze)
    ir_wave_analyze                          0x080024e9   Thumb Code   212  infrade_r.o(i.ir_wave_analyze)
    i.key_thread_entry                       0x080025c4   Section        0  ts06.o(i.key_thread_entry)
    i.led_func                               0x080025e0   Section        0  led.o(i.led_func)
    i.led_gpio_init                          0x080025fc   Section        0  led.o(i.led_gpio_init)
    i.led_init                               0x08002638   Section        0  led.o(i.led_init)
    i.led_thread_entry                       0x08002644   Section        0  led.o(i.led_thread_entry)
    i.logHexDump                             0x08002688   Section        0  log.o(i.logHexDump)
    i.logSetLevel                            0x080027c4   Section        0  log.o(i.logSetLevel)
    i.logWrite                               0x0800283c   Section        0  log.o(i.logWrite)
    i.main                                   0x080028bc   Section        0  main.o(i.main)
    i.nrf24_ce                               0x08002914   Section        0  nrf24l01.o(i.nrf24_ce)
    i.nrf24_ce_gpio_init                     0x08002934   Section        0  nrf24l01.o(i.nrf24_ce_gpio_init)
    i.nrf24_check                            0x08002960   Section        0  nrf24l01.o(i.nrf24_check)
    i.nrf24_cs                               0x080029a0   Section        0  nrf24l01.o(i.nrf24_cs)
    i.nrf24_cs_gpio_init                     0x080029c0   Section        0  nrf24l01.o(i.nrf24_cs_gpio_init)
    i.nrf24_init                             0x080029e8   Section        0  nrf24l01.o(i.nrf24_init)
    i.nrf24_irq_gpio_init                    0x08002a3c   Section        0  nrf24l01.o(i.nrf24_irq_gpio_init)
    i.nrf24_irq_read                         0x08002a68   Section        0  nrf24l01.o(i.nrf24_irq_read)
    i.nrf24_read_register                    0x08002a78   Section        0  nrf24l01.o(i.nrf24_read_register)
    i.nrf24_read_register_nbytes             0x08002aa2   Section        0  nrf24l01.o(i.nrf24_read_register_nbytes)
    i.nrf24_rx_mode                          0x08002ae0   Section        0  nrf24l01.o(i.nrf24_rx_mode)
    i.nrf24_rxpacket                         0x08002b60   Section        0  nrf24l01.o(i.nrf24_rxpacket)
    i.nrf24_transmit                         0x08002bac   Section        0  nrf24l01.o(i.nrf24_transmit)
    i.nrf24_tx_mode                          0x08002c98   Section        0  nrf24l01.o(i.nrf24_tx_mode)
    i.nrf24_txpacket                         0x08002d16   Section        0  nrf24l01.o(i.nrf24_txpacket)
    i.nrf24_write_register                   0x08002d82   Section        0  nrf24l01.o(i.nrf24_write_register)
    i.nrf24_write_register_nbytes            0x08002dae   Section        0  nrf24l01.o(i.nrf24_write_register_nbytes)
    i.red_red_drv                            0x08002df0   Section        0  led.o(i.red_red_drv)
    i.rf_thread_entry                        0x08002e10   Section        0  nrf24l01.o(i.rf_thread_entry)
    i.shellBackspace                         0x08002e24   Section        0  shell.o(i.shellBackspace)
    i.shellCheckPassword                     0x08002e34   Section        0  shell.o(i.shellCheckPassword)
    shellCheckPassword                       0x08002e35   Thumb Code    62  shell.o(i.shellCheckPassword)
    i.shellCheckPermission                   0x08002e78   Section        0  shell.o(i.shellCheckPermission)
    i.shellClear                             0x08002eb0   Section        0  shell.o(i.shellClear)
    i.shellClearCommandLine                  0x08002ecc   Section        0  shell.o(i.shellClearCommandLine)
    i.shellCmds                              0x08002ef4   Section        0  shell.o(i.shellCmds)
    i.shellDelete                            0x08002f06   Section        0  shell.o(i.shellDelete)
    i.shellDeleteByte                        0x08002f16   Section        0  shell.o(i.shellDeleteByte)
    i.shellDeleteCommandLine                 0x08002ff0   Section        0  shell.o(i.shellDeleteCommandLine)
    i.shellDown                              0x08003010   Section        0  shell.o(i.shellDown)
    i.shellEnter                             0x08003020   Section        0  shell.o(i.shellEnter)
    i.shellExec                              0x08003034   Section        0  shell.o(i.shellExec)
    i.shellExtNumType                        0x080030b4   Section        0  shell_ext.o(i.shellExtNumType)
    shellExtNumType                          0x080030b5   Thumb Code    88  shell_ext.o(i.shellExtNumType)
    i.shellExtParseChar                      0x0800310c   Section        0  shell_ext.o(i.shellExtParseChar)
    shellExtParseChar                        0x0800310d   Thumb Code    70  shell_ext.o(i.shellExtParseChar)
    i.shellExtParseNumber                    0x08003152   Section        0  shell_ext.o(i.shellExtParseNumber)
    shellExtParseNumber                      0x08003153   Thumb Code   232  shell_ext.o(i.shellExtParseNumber)
    i.shellExtParsePara                      0x0800323a   Section        0  shell_ext.o(i.shellExtParsePara)
    i.shellExtParseString                    0x08003290   Section        0  shell_ext.o(i.shellExtParseString)
    shellExtParseString                      0x08003291   Thumb Code    74  shell_ext.o(i.shellExtParseString)
    i.shellExtParseVar                       0x080032da   Section        0  shell_ext.o(i.shellExtParseVar)
    shellExtParseVar                         0x080032db   Thumb Code    36  shell_ext.o(i.shellExtParseVar)
    i.shellExtRun                            0x080032fe   Section        0  shell_ext.o(i.shellExtRun)
    i.shellExtToNum                          0x080033c8   Section        0  shell_ext.o(i.shellExtToNum)
    shellExtToNum                            0x080033c9   Thumb Code    54  shell_ext.o(i.shellExtToNum)
    i.shellGetCommandDesc                    0x080033fe   Section        0  shell.o(i.shellGetCommandDesc)
    shellGetCommandDesc                      0x080033ff   Thumb Code    48  shell.o(i.shellGetCommandDesc)
    i.shellGetCommandName                    0x08003430   Section        0  shell.o(i.shellGetCommandName)
    shellGetCommandName                      0x08003431   Thumb Code    76  shell.o(i.shellGetCommandName)
    i.shellGetCurrent                        0x08003480   Section        0  shell.o(i.shellGetCurrent)
    i.shellGetVarValue                       0x080034b4   Section        0  shell.o(i.shellGetVarValue)
    i.shellHelp                              0x080034f0   Section        0  shell.o(i.shellHelp)
    i.shellHistory                           0x0800356c   Section        0  shell.o(i.shellHistory)
    shellHistory                             0x0800356d   Thumb Code   194  shell.o(i.shellHistory)
    i.shellHistoryAdd                        0x0800362e   Section        0  shell.o(i.shellHistoryAdd)
    shellHistoryAdd                          0x0800362f   Thumb Code   122  shell.o(i.shellHistoryAdd)
    i.shellKeys                              0x080036a8   Section        0  shell.o(i.shellKeys)
    i.shellLeft                              0x080036ba   Section        0  shell.o(i.shellLeft)
    i.shellListAll                           0x080036d4   Section        0  shell.o(i.shellListAll)
    i.shellListCommand                       0x080036e0   Section        0  shell.o(i.shellListCommand)
    i.shellListItem                          0x0800372c   Section        0  shell.o(i.shellListItem)
    i.shellListKey                           0x08003828   Section        0  shell.o(i.shellListKey)
    i.shellListUser                          0x08003880   Section        0  shell.o(i.shellListUser)
    i.shellListVar                           0x080038d8   Section        0  shell.o(i.shellListVar)
    i.shellParserParam                       0x08003930   Section        0  shell.o(i.shellParserParam)
    shellParserParam                         0x08003931   Thumb Code   136  shell.o(i.shellParserParam)
    i.shellRemoveParamQuotes                 0x080039b8   Section        0  shell.o(i.shellRemoveParamQuotes)
    shellRemoveParamQuotes                   0x080039b9   Thumb Code   104  shell.o(i.shellRemoveParamQuotes)
    i.shellRight                             0x08003a20   Section        0  shell.o(i.shellRight)
    i.shellRunCommand                        0x08003a3e   Section        0  shell.o(i.shellRunCommand)
    shellRunCommand                          0x08003a3f   Thumb Code   170  shell.o(i.shellRunCommand)
    i.shellSeekCommand                       0x08003ae8   Section        0  shell.o(i.shellSeekCommand)
    i.shellSetUser                           0x08003b64   Section        0  shell.o(i.shellSetUser)
    shellSetUser                             0x08003b65   Thumb Code    86  shell.o(i.shellSetUser)
    i.shellSetVar                            0x08003bc0   Section        0  shell.o(i.shellSetVar)
    i.shellSetVarValue                       0x08003c38   Section        0  shell.o(i.shellSetVarValue)
    i.shellShowVar                           0x08003c94   Section        0  shell.o(i.shellShowVar)
    shellShowVar                             0x08003c95   Thumb Code   116  shell.o(i.shellShowVar)
    i.shellStringCompare                     0x08003d24   Section        0  shell.o(i.shellStringCompare)
    shellStringCompare                       0x08003d25   Thumb Code    44  shell.o(i.shellStringCompare)
    i.shellStringCopy                        0x08003d50   Section        0  shell.o(i.shellStringCopy)
    shellStringCopy                          0x08003d51   Thumb Code    24  shell.o(i.shellStringCopy)
    i.shellTab                               0x08003d68   Section        0  shell.o(i.shellTab)
    i.shellToDec                             0x08003e74   Section        0  shell.o(i.shellToDec)
    i.shellToHex                             0x08003eca   Section        0  shell.o(i.shellToHex)
    i.shellUp                                0x08003f02   Section        0  shell.o(i.shellUp)
    i.shellUsers                             0x08003f10   Section        0  shell.o(i.shellUsers)
    i.shellVars                              0x08003f22   Section        0  shell.o(i.shellVars)
    i.shellWriteByte                         0x08003f34   Section        0  shell.o(i.shellWriteByte)
    shellWriteByte                           0x08003f35   Thumb Code    14  shell.o(i.shellWriteByte)
    i.shellWriteCommandDesc                  0x08003f42   Section        0  shell.o(i.shellWriteCommandDesc)
    shellWriteCommandDesc                    0x08003f43   Thumb Code    80  shell.o(i.shellWriteCommandDesc)
    i.shellWriteCommandLine                  0x08003f94   Section        0  shell.o(i.shellWriteCommandLine)
    shellWriteCommandLine                    0x08003f95   Thumb Code    80  shell.o(i.shellWriteCommandLine)
    i.shellWriteReturnValue                  0x08003ff8   Section        0  shell.o(i.shellWriteReturnValue)
    shellWriteReturnValue                    0x08003ff9   Thumb Code   104  shell.o(i.shellWriteReturnValue)
    i.shellWriteString                       0x08004084   Section        0  shell.o(i.shellWriteString)
    i.spi_gpio_init                          0x080040ac   Section        0  spi.o(i.spi_gpio_init)
    i.task_handler                           0x0800413c   Section        0  task.o(i.task_handler)
    i.task_scheduler                         0x08004198   Section        0  task.o(i.task_scheduler)
    i.timer2_init                            0x08004220   Section        0  timer.o(i.timer2_init)
    i.timer3_init                            0x0800429c   Section        0  timer.o(i.timer3_init)
    i.timer4_init                            0x08004318   Section        0  timer.o(i.timer4_init)
    i.trigkey_handle                         0x080043d4   Section        0  ts06.o(i.trigkey_handle)
    i.ts06_gpio_init                         0x08004428   Section        0  ts06.o(i.ts06_gpio_init)
    i.ts06_init                              0x0800447c   Section        0  ts06.o(i.ts06_init)
    i.ts06_readbyte                          0x080044a6   Section        0  ts06.o(i.ts06_readbyte)
    i.ts06_sck_out                           0x08004504   Section        0  ts06.o(i.ts06_sck_out)
    i.ts06_sda_mode                          0x08004524   Section        0  ts06.o(i.ts06_sda_mode)
    i.ts06_sda_out                           0x08004560   Section        0  ts06.o(i.ts06_sda_out)
    i.ts06_sda_read                          0x08004584   Section        0  ts06.o(i.ts06_sda_read)
    i.ts06_writebyte                         0x08004598   Section        0  ts06.o(i.ts06_writebyte)
    i.xdelay_ms                              0x080045de   Section        0  delay.o(i.xdelay_ms)
    i.xdelay_us                              0x080045fa   Section        0  delay.o(i.xdelay_us)
    .constdata                               0x08004612   Section       84  log.o(.constdata)
    __FUNCTION__                             0x0800465a   Data          12  log.o(.constdata)
    .constdata                               0x08004666   Section      227  shell.o(.constdata)
    .conststring                             0x0800474c   Section       72  log.o(.conststring)
    .conststring                             0x08004794   Section      665  shell.o(.conststring)
    shellCommand                             0x08004a50   Section       32  log.o(shellCommand)
    __tagsym$$used                           0x08004a50   Number         0  log.o(shellCommand)
    __tagsym$$used                           0x08004a60   Number         0  log.o(shellCommand)
    shellCommand                             0x08004a70   Section      288  shell.o(shellCommand)
    __tagsym$$used                           0x08004a70   Number         0  shell.o(shellCommand)
    __tagsym$$used                           0x08004a80   Number         0  shell.o(shellCommand)
    __tagsym$$used                           0x08004a90   Number         0  shell.o(shellCommand)
    __tagsym$$used                           0x08004aa0   Number         0  shell.o(shellCommand)
    __tagsym$$used                           0x08004ab0   Number         0  shell.o(shellCommand)
    __tagsym$$used                           0x08004ac0   Number         0  shell.o(shellCommand)
    __tagsym$$used                           0x08004ad0   Number         0  shell.o(shellCommand)
    __tagsym$$used                           0x08004ae0   Number         0  shell.o(shellCommand)
    __tagsym$$used                           0x08004af0   Number         0  shell.o(shellCommand)
    __tagsym$$used                           0x08004b00   Number         0  shell.o(shellCommand)
    __tagsym$$used                           0x08004b10   Number         0  shell.o(shellCommand)
    __tagsym$$used                           0x08004b20   Number         0  shell.o(shellCommand)
    __tagsym$$used                           0x08004b30   Number         0  shell.o(shellCommand)
    __tagsym$$used                           0x08004b40   Number         0  shell.o(shellCommand)
    __tagsym$$used                           0x08004b50   Number         0  shell.o(shellCommand)
    __tagsym$$used                           0x08004b60   Number         0  shell.o(shellCommand)
    __tagsym$$used                           0x08004b70   Number         0  shell.o(shellCommand)
    __tagsym$$used                           0x08004b80   Number         0  shell.o(shellCommand)
    .data                                    0x20000000   Section       67  task.o(.data)
    i                                        0x20000041   Data           1  task.o(.data)
    i                                        0x20000042   Data           1  task.o(.data)
    .data                                    0x20000044   Section        8  buzzer.o(.data)
    .data                                    0x2000004c   Section       13  led.o(.data)
    x                                        0x20000058   Data           1  led.o(.data)
    .data                                    0x20000059   Section        1  myiic.o(.data)
    temp_data                                0x20000059   Data           1  myiic.o(.data)
    .data                                    0x2000005a   Section        8  usart.o(.data)
    .data                                    0x20000064   Section       41  ts06.o(.data)
    .data                                    0x20000090   Section       88  nrf24l01.o(.data)
    .data                                    0x200000e8   Section       12  oled.o(.data)
    _x                                       0x200000ec   Data           1  oled.o(.data)
    _y                                       0x200000ed   Data           1  oled.o(.data)
    _Font_Width                              0x200000ee   Data           1  oled.o(.data)
    pBuf                                     0x200000f0   Data           4  oled.o(.data)
    .data                                    0x200000f4   Section        2  infrade_r.o(.data)
    last_status                              0x200000f4   Data           1  infrade_r.o(.data)
    now_status                               0x200000f5   Data           1  infrade_r.o(.data)
    .data                                    0x200000f8   Section       84  shell.o(.data)
    shellText                                0x200000f8   Data          84  shell.o(.data)
    .bss                                     0x2000014c   Section      512  usart.o(.bss)
    .bss                                     0x2000034c   Section      128  nrf24l01.o(.bss)
    .bss                                     0x200003cc   Section      288  infrade_r.o(.bss)
    .bss                                     0x200004ec   Section       20  log.o(.bss)
    .bss                                     0x20000500   Section       29  shell.o(.bss)
    shellList                                0x20000500   Data          20  shell.o(.bss)
    buffer                                   0x20000514   Data           9  shell.o(.bss)
    STACK                                    0x20000520   Section     1024  startup_at32f415r8t7.o(STACK)

    Global Symbols

    Symbol Name                              Value     Ov Type        Size  Object(Section)

    BuildAttributes$$THM_ISAv4$E$P$D$K$B$S$7EM$PE$A:L22UL41UL21$X:L11$S22US41US21$IEEE1$IW$USESV6$~STKCKD$USESV7$~SHL$OTIME$ROPI$EBA8$MICROLIB$REQ8$PRES8$EABIv2 0x00000000   Number         0  anon$$obj.o ABSOLUTE
    __ARM_use_no_argv                        0x00000000   Number         0  main.o ABSOLUTE
    __cpp_initialize__aeabi_                  - Undefined Weak Reference
    __cxa_finalize                            - Undefined Weak Reference
    _clock_init                               - Undefined Weak Reference
    _microlib_exit                            - Undefined Weak Reference
    __Vectors_Size                           0x00000170   Number         0  startup_at32f415r8t7.o ABSOLUTE
    __Vectors                                0x08000000   Data           4  startup_at32f415r8t7.o(RESET)
    __Vectors_End                            0x08000170   Data           0  startup_at32f415r8t7.o(RESET)
    __main                                   0x08000171   Thumb Code     0  entry.o(.ARM.Collect$$$$00000000)
    _main_stk                                0x08000171   Thumb Code     0  entry2.o(.ARM.Collect$$$$00000001)
    _main_scatterload                        0x08000175   Thumb Code     0  entry5.o(.ARM.Collect$$$$00000004)
    __main_after_scatterload                 0x08000179   Thumb Code     0  entry5.o(.ARM.Collect$$$$00000004)
    _main_clock                              0x08000179   Thumb Code     0  entry7b.o(.ARM.Collect$$$$00000008)
    _main_cpp_init                           0x08000179   Thumb Code     0  entry8b.o(.ARM.Collect$$$$0000000A)
    _main_init                               0x08000179   Thumb Code     0  entry9a.o(.ARM.Collect$$$$0000000B)
    __rt_final_cpp                           0x08000181   Thumb Code     0  entry10a.o(.ARM.Collect$$$$0000000D)
    __rt_final_exit                          0x08000181   Thumb Code     0  entry11a.o(.ARM.Collect$$$$0000000F)
    Reset_Handler                            0x08000185   Thumb Code     8  startup_at32f415r8t7.o(.text)
    NMI_Handler                              0x0800018d   Thumb Code     2  startup_at32f415r8t7.o(.text)
    HardFault_Handler                        0x0800018f   Thumb Code     2  startup_at32f415r8t7.o(.text)
    MemManage_Handler                        0x08000191   Thumb Code     2  startup_at32f415r8t7.o(.text)
    BusFault_Handler                         0x08000193   Thumb Code     2  startup_at32f415r8t7.o(.text)
    UsageFault_Handler                       0x08000195   Thumb Code     2  startup_at32f415r8t7.o(.text)
    SVC_Handler                              0x08000197   Thumb Code     2  startup_at32f415r8t7.o(.text)
    DebugMon_Handler                         0x08000199   Thumb Code     2  startup_at32f415r8t7.o(.text)
    PendSV_Handler                           0x0800019b   Thumb Code     2  startup_at32f415r8t7.o(.text)
    SysTick_Handler                          0x0800019d   Thumb Code     2  startup_at32f415r8t7.o(.text)
    ACC_IRQHandler                           0x0800019f   Thumb Code     0  startup_at32f415r8t7.o(.text)
    ADC1_2_IRQHandler                        0x0800019f   Thumb Code     0  startup_at32f415r8t7.o(.text)
    CAN1_RX0_IRQHandler                      0x0800019f   Thumb Code     0  startup_at32f415r8t7.o(.text)
    CAN1_RX1_IRQHandler                      0x0800019f   Thumb Code     0  startup_at32f415r8t7.o(.text)
    CAN1_SCE_IRQHandler                      0x0800019f   Thumb Code     0  startup_at32f415r8t7.o(.text)
    CAN1_TX_IRQHandler                       0x0800019f   Thumb Code     0  startup_at32f415r8t7.o(.text)
    COMP1_IRQHandler                         0x0800019f   Thumb Code     0  startup_at32f415r8t7.o(.text)
    COMP2_IRQHandler                         0x0800019f   Thumb Code     0  startup_at32f415r8t7.o(.text)
    DMA1_Channel1_IRQHandler                 0x0800019f   Thumb Code     0  startup_at32f415r8t7.o(.text)
    DMA1_Channel2_IRQHandler                 0x0800019f   Thumb Code     0  startup_at32f415r8t7.o(.text)
    DMA1_Channel3_IRQHandler                 0x0800019f   Thumb Code     0  startup_at32f415r8t7.o(.text)
    DMA1_Channel4_IRQHandler                 0x0800019f   Thumb Code     0  startup_at32f415r8t7.o(.text)
    DMA1_Channel5_IRQHandler                 0x0800019f   Thumb Code     0  startup_at32f415r8t7.o(.text)
    DMA1_Channel6_IRQHandler                 0x0800019f   Thumb Code     0  startup_at32f415r8t7.o(.text)
    DMA1_Channel7_IRQHandler                 0x0800019f   Thumb Code     0  startup_at32f415r8t7.o(.text)
    DMA2_Channel1_IRQHandler                 0x0800019f   Thumb Code     0  startup_at32f415r8t7.o(.text)
    DMA2_Channel2_IRQHandler                 0x0800019f   Thumb Code     0  startup_at32f415r8t7.o(.text)
    DMA2_Channel3_IRQHandler                 0x0800019f   Thumb Code     0  startup_at32f415r8t7.o(.text)
    DMA2_Channel4_5_IRQHandler               0x0800019f   Thumb Code     0  startup_at32f415r8t7.o(.text)
    DMA2_Channel6_7_IRQHandler               0x0800019f   Thumb Code     0  startup_at32f415r8t7.o(.text)
    ERTCAlarm_IRQHandler                     0x0800019f   Thumb Code     0  startup_at32f415r8t7.o(.text)
    ERTC_WKUP_IRQHandler                     0x0800019f   Thumb Code     0  startup_at32f415r8t7.o(.text)
    EXTI0_IRQHandler                         0x0800019f   Thumb Code     0  startup_at32f415r8t7.o(.text)
    EXTI15_10_IRQHandler                     0x0800019f   Thumb Code     0  startup_at32f415r8t7.o(.text)
    EXTI1_IRQHandler                         0x0800019f   Thumb Code     0  startup_at32f415r8t7.o(.text)
    EXTI2_IRQHandler                         0x0800019f   Thumb Code     0  startup_at32f415r8t7.o(.text)
    EXTI3_IRQHandler                         0x0800019f   Thumb Code     0  startup_at32f415r8t7.o(.text)
    EXTI4_IRQHandler                         0x0800019f   Thumb Code     0  startup_at32f415r8t7.o(.text)
    FLASH_IRQHandler                         0x0800019f   Thumb Code     0  startup_at32f415r8t7.o(.text)
    I2C1_ER_IRQHandler                       0x0800019f   Thumb Code     0  startup_at32f415r8t7.o(.text)
    I2C1_EV_IRQHandler                       0x0800019f   Thumb Code     0  startup_at32f415r8t7.o(.text)
    I2C2_ER_IRQHandler                       0x0800019f   Thumb Code     0  startup_at32f415r8t7.o(.text)
    I2C2_EV_IRQHandler                       0x0800019f   Thumb Code     0  startup_at32f415r8t7.o(.text)
    PVD_IRQHandler                           0x0800019f   Thumb Code     0  startup_at32f415r8t7.o(.text)
    RCC_IRQHandler                           0x0800019f   Thumb Code     0  startup_at32f415r8t7.o(.text)
    SDIO_IRQHandler                          0x0800019f   Thumb Code     0  startup_at32f415r8t7.o(.text)
    SPI1_IRQHandler                          0x0800019f   Thumb Code     0  startup_at32f415r8t7.o(.text)
    SPI2_IRQHandler                          0x0800019f   Thumb Code     0  startup_at32f415r8t7.o(.text)
    TAMP_STAMP_IRQHandler                    0x0800019f   Thumb Code     0  startup_at32f415r8t7.o(.text)
    TMR1_BRK_TMR9_IRQHandler                 0x0800019f   Thumb Code     0  startup_at32f415r8t7.o(.text)
    TMR1_CC_IRQHandler                       0x0800019f   Thumb Code     0  startup_at32f415r8t7.o(.text)
    TMR1_OV_TMR10_IRQHandler                 0x0800019f   Thumb Code     0  startup_at32f415r8t7.o(.text)
    TMR1_TRG_HALL_TMR11_IRQHandler           0x0800019f   Thumb Code     0  startup_at32f415r8t7.o(.text)
    TMR5_GLOBAL_IRQHandler                   0x0800019f   Thumb Code     0  startup_at32f415r8t7.o(.text)
    UART4_IRQHandler                         0x0800019f   Thumb Code     0  startup_at32f415r8t7.o(.text)
    UART5_IRQHandler                         0x0800019f   Thumb Code     0  startup_at32f415r8t7.o(.text)
    USART3_IRQHandler                        0x0800019f   Thumb Code     0  startup_at32f415r8t7.o(.text)
    USBOTG_IRQHandler                        0x0800019f   Thumb Code     0  startup_at32f415r8t7.o(.text)
    USBWakeUp_IRQHandler                     0x0800019f   Thumb Code     0  startup_at32f415r8t7.o(.text)
    WWDG_IRQHandler                          0x0800019f   Thumb Code     0  startup_at32f415r8t7.o(.text)
    __aeabi_memcpy                           0x080001a9   Thumb Code    36  memcpya.o(.text)
    __aeabi_memcpy4                          0x080001a9   Thumb Code     0  memcpya.o(.text)
    __aeabi_memcpy8                          0x080001a9   Thumb Code     0  memcpya.o(.text)
    __aeabi_memset                           0x080001cd   Thumb Code    14  memseta.o(.text)
    __aeabi_memset4                          0x080001cd   Thumb Code     0  memseta.o(.text)
    __aeabi_memset8                          0x080001cd   Thumb Code     0  memseta.o(.text)
    __aeabi_memclr                           0x080001db   Thumb Code     4  memseta.o(.text)
    __aeabi_memclr4                          0x080001db   Thumb Code     0  memseta.o(.text)
    __aeabi_memclr8                          0x080001db   Thumb Code     0  memseta.o(.text)
    _memset$wrapper                          0x080001df   Thumb Code    18  memseta.o(.text)
    strlen                                   0x080001f1   Thumb Code    14  strlen.o(.text)
    strcmp                                   0x080001ff   Thumb Code    28  strcmp.o(.text)
    memcmp                                   0x0800021b   Thumb Code    26  memcmp.o(.text)
    strncmp                                  0x08000235   Thumb Code    30  strncmp.o(.text)
    __aeabi_fmul                             0x08000253   Thumb Code   100  fmul.o(.text)
    __aeabi_fdiv                             0x080002b7   Thumb Code   124  fdiv.o(.text)
    __aeabi_i2f                              0x08000333   Thumb Code    18  fflti.o(.text)
    __aeabi_ui2f                             0x08000345   Thumb Code    10  ffltui.o(.text)
    __aeabi_uidiv                            0x0800034f   Thumb Code     0  uidiv.o(.text)
    __aeabi_uidivmod                         0x0800034f   Thumb Code    44  uidiv.o(.text)
    __aeabi_uldivmod                         0x0800037b   Thumb Code    98  uldiv.o(.text)
    __I$use$fp                               0x080003dd   Thumb Code     0  iusefp.o(.text)
    _float_round                             0x080003dd   Thumb Code    18  fepilogue.o(.text)
    _float_epilogue                          0x080003ef   Thumb Code    92  fepilogue.o(.text)
    __aeabi_dadd                             0x0800044b   Thumb Code   322  dadd.o(.text)
    __aeabi_dsub                             0x0800058d   Thumb Code     6  dadd.o(.text)
    __aeabi_drsub                            0x08000593   Thumb Code     6  dadd.o(.text)
    __aeabi_dmul                             0x08000599   Thumb Code   228  dmul.o(.text)
    __aeabi_ddiv                             0x0800067d   Thumb Code   222  ddiv.o(.text)
    __aeabi_d2ulz                            0x0800075b   Thumb Code    48  dfixul.o(.text)
    __aeabi_cdrcmple                         0x0800078d   Thumb Code    48  cdrcmple.o(.text)
    __scatterload                            0x080007bd   Thumb Code    28  init.o(.text)
    __scatterload_rt2                        0x080007bd   Thumb Code     0  init.o(.text)
    __aeabi_llsl                             0x080007e1   Thumb Code    30  llshl.o(.text)
    _ll_shift_l                              0x080007e1   Thumb Code     0  llshl.o(.text)
    __aeabi_llsr                             0x080007ff   Thumb Code    32  llushr.o(.text)
    _ll_ushift_r                             0x080007ff   Thumb Code     0  llushr.o(.text)
    __aeabi_lasr                             0x0800081f   Thumb Code    36  llsshr.o(.text)
    _ll_sshift_r                             0x0800081f   Thumb Code     0  llsshr.o(.text)
    _double_round                            0x08000843   Thumb Code    30  depilogue.o(.text)
    _double_epilogue                         0x08000861   Thumb Code   156  depilogue.o(.text)
    __decompress                             0x080008fd   Thumb Code     0  __dczerorl2.o(.text)
    __decompress1                            0x080008fd   Thumb Code    86  __dczerorl2.o(.text)
    Checksum                                 0x08000953   Thumb Code    34  nrf24l01.o(i.Checksum)
    EXTI9_5_IRQHandler                       0x08000975   Thumb Code    36  infrade_r.o(i.EXTI9_5_IRQHandler)
    EXTI_ClearIntPendingBit                  0x080009a1   Thumb Code     6  at32f4xx_exti.o(i.EXTI_ClearIntPendingBit)
    EXTI_GetIntStatus                        0x080009ad   Thumb Code    34  at32f4xx_exti.o(i.EXTI_GetIntStatus)
    EXTI_Init                                0x080009d5   Thumb Code   142  at32f4xx_exti.o(i.EXTI_Init)
    GPIO_EXTILineConfig                      0x08000a69   Thumb Code    60  at32f4xx_gpio.o(i.GPIO_EXTILineConfig)
    GPIO_Init                                0x08000aa9   Thumb Code   278  at32f4xx_gpio.o(i.GPIO_Init)
    GPIO_ReadInputDataBit                    0x08000bbf   Thumb Code    18  at32f4xx_gpio.o(i.GPIO_ReadInputDataBit)
    GPIO_ResetBits                           0x08000bd1   Thumb Code     4  at32f4xx_gpio.o(i.GPIO_ResetBits)
    GPIO_SetBits                             0x08000bd5   Thumb Code     4  at32f4xx_gpio.o(i.GPIO_SetBits)
    IWDG_Feed                                0x08000bd9   Thumb Code     8  wdg.o(i.IWDG_Feed)
    IWDG_ReloadCounter                       0x08000be1   Thumb Code    10  at32f4xx_iwdg.o(i.IWDG_ReloadCounter)
    NVIC_Init                                0x08000bf1   Thumb Code   100  misc.o(i.NVIC_Init)
    NVIC_PriorityGroupConfig                 0x08000c61   Thumb Code    10  misc.o(i.NVIC_PriorityGroupConfig)
    NVIC_SetVectorTable                      0x08000c75   Thumb Code    12  misc.o(i.NVIC_SetVectorTable)
    RCC_APB1PeriphClockCmd                   0x08000c89   Thumb Code    26  at32f4xx_rcc.o(i.RCC_APB1PeriphClockCmd)
    RCC_APB2PeriphClockCmd                   0x08000ca9   Thumb Code    26  at32f4xx_rcc.o(i.RCC_APB2PeriphClockCmd)
    RCC_StepModeCmd                          0x08000cc9   Thumb Code    32  at32f4xx_rcc.o(i.RCC_StepModeCmd)
    SPI1_ReadWriteByte                       0x08000ced   Thumb Code    82  spi.o(i.SPI1_ReadWriteByte)
    SPI_Enable                               0x08000d45   Thumb Code    24  at32f4xx_spi.o(i.SPI_Enable)
    SPI_I2S_GetFlagStatus                    0x08000d5d   Thumb Code    18  at32f4xx_spi.o(i.SPI_I2S_GetFlagStatus)
    SPI_I2S_RxData                           0x08000d6f   Thumb Code     6  at32f4xx_spi.o(i.SPI_I2S_RxData)
    SPI_I2S_TxData                           0x08000d75   Thumb Code     4  at32f4xx_spi.o(i.SPI_I2S_TxData)
    SPI_Init                                 0x08000d79   Thumb Code    90  at32f4xx_spi.o(i.SPI_Init)
    SystemInit                               0x08000eed   Thumb Code   126  system_at32f4xx.o(i.SystemInit)
    TMR2_GLOBAL_IRQHandler                   0x0800119d   Thumb Code    26  task.o(i.TMR2_GLOBAL_IRQHandler)
    TMR3_GLOBAL_IRQHandler                   0x080011b9   Thumb Code    28  buzzer.o(i.TMR3_GLOBAL_IRQHandler)
    TMR4_GLOBAL_IRQHandler                   0x080011d9   Thumb Code    52  infrade_r.o(i.TMR4_GLOBAL_IRQHandler)
    TMR_ClearFlag                            0x08001215   Thumb Code     6  at32f4xx_tim.o(i.TMR_ClearFlag)
    TMR_ClearITPendingBit                    0x0800121b   Thumb Code     6  at32f4xx_tim.o(i.TMR_ClearITPendingBit)
    TMR_Cmd                                  0x08001221   Thumb Code    24  at32f4xx_tim.o(i.TMR_Cmd)
    TMR_GetCapture2                          0x08001239   Thumb Code     6  at32f4xx_tim.o(i.TMR_GetCapture2)
    TMR_GetCounter                           0x0800123f   Thumb Code     6  at32f4xx_tim.o(i.TMR_GetCounter)
    TMR_GetINTStatus                         0x08001245   Thumb Code    34  at32f4xx_tim.o(i.TMR_GetINTStatus)
    TMR_ICInit                               0x08001269   Thumb Code   144  at32f4xx_tim.o(i.TMR_ICInit)
    TMR_INTConfig                            0x08001309   Thumb Code    18  at32f4xx_tim.o(i.TMR_INTConfig)
    TMR_OC2PolarityConfig                    0x0800131b   Thumb Code    26  at32f4xx_tim.o(i.TMR_OC2PolarityConfig)
    TMR_SetCounter                           0x08001335   Thumb Code     4  at32f4xx_tim.o(i.TMR_SetCounter)
    TMR_SetIC1DIV                            0x08001339   Thumb Code    18  at32f4xx_tim.o(i.TMR_SetIC1DIV)
    TMR_SetIC2DIV                            0x0800134b   Thumb Code    26  at32f4xx_tim.o(i.TMR_SetIC2DIV)
    TMR_SetIC3DIV                            0x08001365   Thumb Code    18  at32f4xx_tim.o(i.TMR_SetIC3DIV)
    TMR_SetIC4DIV                            0x08001377   Thumb Code    26  at32f4xx_tim.o(i.TMR_SetIC4DIV)
    TMR_TimeBaseInit                         0x08001391   Thumb Code    72  at32f4xx_tim.o(i.TMR_TimeBaseInit)
    USART1_IRQHandler                        0x080013e9   Thumb Code   114  usart.o(i.USART1_IRQHandler)
    USART2_IRQHandler                        0x0800146d   Thumb Code   114  usart.o(i.USART2_IRQHandler)
    USART_ClearFlag                          0x080014f1   Thumb Code    18  at32f4xx_usart.o(i.USART_ClearFlag)
    USART_ClearITPendingBit                  0x08001503   Thumb Code    30  at32f4xx_usart.o(i.USART_ClearITPendingBit)
    USART_GetFlagStatus                      0x08001521   Thumb Code    26  at32f4xx_usart.o(i.USART_GetFlagStatus)
    USART_GetITStatus                        0x0800153b   Thumb Code    84  at32f4xx_usart.o(i.USART_GetITStatus)
    USART_ReceiveData                        0x0800158f   Thumb Code    10  at32f4xx_usart.o(i.USART_ReceiveData)
    __0vsnprintf                             0x08001599   Thumb Code    40  printfa.o(i.__0vsnprintf)
    __1vsnprintf                             0x08001599   Thumb Code     0  printfa.o(i.__0vsnprintf)
    __2vsnprintf                             0x08001599   Thumb Code     0  printfa.o(i.__0vsnprintf)
    __c89vsnprintf                           0x08001599   Thumb Code     0  printfa.o(i.__0vsnprintf)
    vsnprintf                                0x08001599   Thumb Code     0  printfa.o(i.__0vsnprintf)
    __scatterload_copy                       0x080015c5   Thumb Code    14  handlers.o(i.__scatterload_copy)
    __scatterload_null                       0x080015d3   Thumb Code     2  handlers.o(i.__scatterload_null)
    __scatterload_zeroinit                   0x080015d5   Thumb Code    14  handlers.o(i.__scatterload_zeroinit)
    blue_red_drv                             0x08001ead   Thumb Code    26  led.o(i.blue_red_drv)
    buzzer_init                              0x08001ecd   Thumb Code    60  buzzer.o(i.buzzer_init)
    buzzer_speak                             0x08001f0d   Thumb Code   114  buzzer.o(i.buzzer_speak)
    buzzer_start                             0x08001f85   Thumb Code    32  buzzer.o(i.buzzer_start)
    buzzer_thread_entry                      0x08001fa5   Thumb Code    12  buzzer.o(i.buzzer_thread_entry)
    data_bitreverse                          0x08001fb5   Thumb Code    46  myiic.o(i.data_bitreverse)
    getkey                                   0x08001fe9   Thumb Code   206  ts06.o(i.getkey)
    holdkey_handle                           0x080020c5   Thumb Code    38  ts06.o(i.holdkey_handle)
    iic_ack                                  0x080020eb   Thumb Code    48  myiic.o(i.iic_ack)
    iic_delayms                              0x0800211b   Thumb Code    14  myiic.o(i.iic_delayms)
    iic_init                                 0x08002129   Thumb Code    22  myiic.o(i.iic_init)
    iic_nack                                 0x0800213f   Thumb Code    48  myiic.o(i.iic_nack)
    iic_readbyte                             0x0800216f   Thumb Code    88  myiic.o(i.iic_readbyte)
    iic_sendbyte                             0x080021c7   Thumb Code    90  myiic.o(i.iic_sendbyte)
    iic_start                                0x08002221   Thumb Code    48  myiic.o(i.iic_start)
    iic_stop                                 0x08002251   Thumb Code    48  myiic.o(i.iic_stop)
    iic_wait_ack                             0x08002281   Thumb Code    74  myiic.o(i.iic_wait_ack)
    infrade_rx_interrupt                     0x080022cb   Thumb Code    72  infrade_r.o(i.infrade_rx_interrupt)
    infrared_rx_init                         0x08002315   Thumb Code    56  infrade_r.o(i.infrared_rx_init)
    ir_thread_entry                          0x080024d1   Thumb Code    20  infrade_r.o(i.ir_thread_entry)
    key_thread_entry                         0x080025c5   Thumb Code    24  ts06.o(i.key_thread_entry)
    led_func                                 0x080025e1   Thumb Code    26  led.o(i.led_func)
    led_gpio_init                            0x080025fd   Thumb Code    54  led.o(i.led_gpio_init)
    led_init                                 0x08002639   Thumb Code    10  led.o(i.led_init)
    led_thread_entry                         0x08002645   Thumb Code    58  led.o(i.led_thread_entry)
    logHexDump                               0x08002689   Thumb Code   228  log.o(i.logHexDump)
    logSetLevel                              0x080027c5   Thumb Code    40  log.o(i.logSetLevel)
    logWrite                                 0x0800283d   Thumb Code   122  log.o(i.logWrite)
    main                                     0x080028bd   Thumb Code    72  main.o(i.main)
    nrf24_ce                                 0x08002915   Thumb Code    26  nrf24l01.o(i.nrf24_ce)
    nrf24_ce_gpio_init                       0x08002935   Thumb Code    38  nrf24l01.o(i.nrf24_ce_gpio_init)
    nrf24_check                              0x08002961   Thumb Code    64  nrf24l01.o(i.nrf24_check)
    nrf24_cs                                 0x080029a1   Thumb Code    26  nrf24l01.o(i.nrf24_cs)
    nrf24_cs_gpio_init                       0x080029c1   Thumb Code    36  nrf24l01.o(i.nrf24_cs_gpio_init)
    nrf24_init                               0x080029e9   Thumb Code    82  nrf24l01.o(i.nrf24_init)
    nrf24_irq_gpio_init                      0x08002a3d   Thumb Code    38  nrf24l01.o(i.nrf24_irq_gpio_init)
    nrf24_irq_read                           0x08002a69   Thumb Code    12  nrf24l01.o(i.nrf24_irq_read)
    nrf24_read_register                      0x08002a79   Thumb Code    42  nrf24l01.o(i.nrf24_read_register)
    nrf24_read_register_nbytes               0x08002aa3   Thumb Code    62  nrf24l01.o(i.nrf24_read_register_nbytes)
    nrf24_rx_mode                            0x08002ae1   Thumb Code   128  nrf24l01.o(i.nrf24_rx_mode)
    nrf24_rxpacket                           0x08002b61   Thumb Code    76  nrf24l01.o(i.nrf24_rxpacket)
    nrf24_transmit                           0x08002bad   Thumb Code   222  nrf24l01.o(i.nrf24_transmit)
    nrf24_tx_mode                            0x08002c99   Thumb Code   126  nrf24l01.o(i.nrf24_tx_mode)
    nrf24_txpacket                           0x08002d17   Thumb Code   108  nrf24l01.o(i.nrf24_txpacket)
    nrf24_write_register                     0x08002d83   Thumb Code    44  nrf24l01.o(i.nrf24_write_register)
    nrf24_write_register_nbytes              0x08002daf   Thumb Code    66  nrf24l01.o(i.nrf24_write_register_nbytes)
    red_red_drv                              0x08002df1   Thumb Code    26  led.o(i.red_red_drv)
    rf_thread_entry                          0x08002e11   Thumb Code    14  nrf24l01.o(i.rf_thread_entry)
    shellBackspace                           0x08002e25   Thumb Code    14  shell.o(i.shellBackspace)
    shellCheckPermission                     0x08002e79   Thumb Code    54  shell.o(i.shellCheckPermission)
    shellClear                               0x08002eb1   Thumb Code    22  shell.o(i.shellClear)
    shellClearCommandLine                    0x08002ecd   Thumb Code    40  shell.o(i.shellClearCommandLine)
    shellCmds                                0x08002ef5   Thumb Code    18  shell.o(i.shellCmds)
    shellDelete                              0x08002f07   Thumb Code    16  shell.o(i.shellDelete)
    shellDeleteByte                          0x08002f17   Thumb Code   218  shell.o(i.shellDeleteByte)
    shellDeleteCommandLine                   0x08002ff1   Thumb Code    28  shell.o(i.shellDeleteCommandLine)
    shellDown                                0x08003011   Thumb Code    16  shell.o(i.shellDown)
    shellEnter                               0x08003021   Thumb Code    18  shell.o(i.shellEnter)
    shellExec                                0x08003035   Thumb Code   120  shell.o(i.shellExec)
    shellExtParsePara                        0x0800323b   Thumb Code    86  shell_ext.o(i.shellExtParsePara)
    shellExtRun                              0x080032ff   Thumb Code   202  shell_ext.o(i.shellExtRun)
    shellGetCurrent                          0x08003481   Thumb Code    48  shell.o(i.shellGetCurrent)
    shellGetVarValue                         0x080034b5   Thumb Code    60  shell.o(i.shellGetVarValue)
    shellHelp                                0x080034f1   Thumb Code   114  shell.o(i.shellHelp)
    shellKeys                                0x080036a9   Thumb Code    18  shell.o(i.shellKeys)
    shellLeft                                0x080036bb   Thumb Code    26  shell.o(i.shellLeft)
    shellListAll                             0x080036d5   Thumb Code    12  shell.o(i.shellListAll)
    shellListCommand                         0x080036e1   Thumb Code    70  shell.o(i.shellListCommand)
    shellListItem                            0x0800372d   Thumb Code   238  shell.o(i.shellListItem)
    shellListKey                             0x08003829   Thumb Code    84  shell.o(i.shellListKey)
    shellListUser                            0x08003881   Thumb Code    84  shell.o(i.shellListUser)
    shellListVar                             0x080038d9   Thumb Code    84  shell.o(i.shellListVar)
    shellRight                               0x08003a21   Thumb Code    30  shell.o(i.shellRight)
    shellSeekCommand                         0x08003ae9   Thumb Code   122  shell.o(i.shellSeekCommand)
    shellSetVar                              0x08003bc1   Thumb Code   114  shell.o(i.shellSetVar)
    shellSetVarValue                         0x08003c39   Thumb Code    88  shell.o(i.shellSetVarValue)
    shellTab                                 0x08003d69   Thumb Code   262  shell.o(i.shellTab)
    shellToDec                               0x08003e75   Thumb Code    86  shell.o(i.shellToDec)
    shellToHex                               0x08003ecb   Thumb Code    56  shell.o(i.shellToHex)
    shellUp                                  0x08003f03   Thumb Code    14  shell.o(i.shellUp)
    shellUsers                               0x08003f11   Thumb Code    18  shell.o(i.shellUsers)
    shellVars                                0x08003f23   Thumb Code    18  shell.o(i.shellVars)
    shellWriteString                         0x08004085   Thumb Code    40  shell.o(i.shellWriteString)
    spi_gpio_init                            0x080040ad   Thumb Code   136  spi.o(i.spi_gpio_init)
    task_handler                             0x0800413d   Thumb Code    78  task.o(i.task_handler)
    task_scheduler                           0x08004199   Thumb Code   124  task.o(i.task_scheduler)
    timer2_init                              0x08004221   Thumb Code   122  timer.o(i.timer2_init)
    timer3_init                              0x0800429d   Thumb Code   120  timer.o(i.timer3_init)
    timer4_init                              0x08004319   Thumb Code   184  timer.o(i.timer4_init)
    trigkey_handle                           0x080043d5   Thumb Code    76  ts06.o(i.trigkey_handle)
    ts06_gpio_init                           0x08004429   Thumb Code    74  ts06.o(i.ts06_gpio_init)
    ts06_init                                0x0800447d   Thumb Code    42  ts06.o(i.ts06_init)
    ts06_readbyte                            0x080044a7   Thumb Code    92  ts06.o(i.ts06_readbyte)
    ts06_sck_out                             0x08004505   Thumb Code    26  ts06.o(i.ts06_sck_out)
    ts06_sda_mode                            0x08004525   Thumb Code    56  ts06.o(i.ts06_sda_mode)
    ts06_sda_out                             0x08004561   Thumb Code    30  ts06.o(i.ts06_sda_out)
    ts06_sda_read                            0x08004585   Thumb Code    14  ts06.o(i.ts06_sda_read)
    ts06_writebyte                           0x08004599   Thumb Code    70  ts06.o(i.ts06_writebyte)
    xdelay_ms                                0x080045df   Thumb Code    28  delay.o(i.xdelay_ms)
    xdelay_us                                0x080045fb   Thumb Code    24  delay.o(i.xdelay_us)
    shellCmdlogSetLevel                      0x08004612   Data          12  log.o(.constdata)
    shellDesclogSetLevel                     0x0800461e   Data          14  log.o(.constdata)
    shellCmdhexdump                          0x0800462c   Data           8  log.o(.constdata)
    shellDeschexdump                         0x08004634   Data          38  log.o(.constdata)
    shellCmdDefaultUser                      0x08004666   Data           7  shell.o(.constdata)
    shellPasswordDefaultUser                 0x0800466d   Data           1  shell.o(.constdata)
    shellDesDefaultUser                      0x0800466e   Data          13  shell.o(.constdata)
    shellCmdsetVar                           0x0800467b   Data           7  shell.o(.constdata)
    shellDescsetVar                          0x08004682   Data           8  shell.o(.constdata)
    shellDesc0x1B5B4100                      0x0800468a   Data           3  shell.o(.constdata)
    shellDesc0x1B5B4200                      0x0800468d   Data           5  shell.o(.constdata)
    shellDesc0x1B5B4300                      0x08004692   Data           6  shell.o(.constdata)
    shellDesc0x1B5B4400                      0x08004698   Data           5  shell.o(.constdata)
    shellDesc0x09000000                      0x0800469d   Data           4  shell.o(.constdata)
    shellDesc0x08000000                      0x080046a1   Data          10  shell.o(.constdata)
    shellDesc0x7F000000                      0x080046ab   Data          10  shell.o(.constdata)
    shellDesc0x1B5B337E                      0x080046b5   Data           7  shell.o(.constdata)
    shellDesc0x0A000000                      0x080046bc   Data           6  shell.o(.constdata)
    shellDesc0x0D000000                      0x080046c2   Data           6  shell.o(.constdata)
    shellCmdhelp                             0x080046c8   Data           5  shell.o(.constdata)
    shellDeschelp                            0x080046cd   Data          30  shell.o(.constdata)
    shellCmdusers                            0x080046eb   Data           6  shell.o(.constdata)
    shellDescusers                           0x080046f1   Data          14  shell.o(.constdata)
    shellCmdcmds                             0x080046ff   Data           5  shell.o(.constdata)
    shellDesccmds                            0x08004704   Data          13  shell.o(.constdata)
    shellCmdvars                             0x08004711   Data           5  shell.o(.constdata)
    shellDescvars                            0x08004716   Data          13  shell.o(.constdata)
    shellCmdkeys                             0x08004723   Data           5  shell.o(.constdata)
    shellDesckeys                            0x08004728   Data          13  shell.o(.constdata)
    shellCmdclear                            0x08004735   Data           6  shell.o(.constdata)
    shellDescclear                           0x0800473b   Data          14  shell.o(.constdata)
    Region$$Table$$Base                      0x08004a30   Number         0  anon$$obj.o(Region$$Table)
    Region$$Table$$Limit                     0x08004a50   Number         0  anon$$obj.o(Region$$Table)
    shellCommand$$Base                       0x08004a50   Number         0  log.o(shellCommand)
    shellCommandlogSetLevel                  0x08004a50   Data          16  log.o(shellCommand)
    shellCommandhexdump                      0x08004a60   Data          16  log.o(shellCommand)
    shellUserDefault                         0x08004a70   Data          16  shell.o(shellCommand)
    shellCommandsetVar                       0x08004a80   Data          16  shell.o(shellCommand)
    shellKey0x1B5B4100                       0x08004a90   Data          16  shell.o(shellCommand)
    shellKey0x1B5B4200                       0x08004aa0   Data          16  shell.o(shellCommand)
    shellKey0x1B5B4300                       0x08004ab0   Data          16  shell.o(shellCommand)
    shellKey0x1B5B4400                       0x08004ac0   Data          16  shell.o(shellCommand)
    shellKey0x09000000                       0x08004ad0   Data          16  shell.o(shellCommand)
    shellKey0x08000000                       0x08004ae0   Data          16  shell.o(shellCommand)
    shellKey0x7F000000                       0x08004af0   Data          16  shell.o(shellCommand)
    shellKey0x1B5B337E                       0x08004b00   Data          16  shell.o(shellCommand)
    shellKey0x0A000000                       0x08004b10   Data          16  shell.o(shellCommand)
    shellKey0x0D000000                       0x08004b20   Data          16  shell.o(shellCommand)
    shellCommandhelp                         0x08004b30   Data          16  shell.o(shellCommand)
    shellCommandusers                        0x08004b40   Data          16  shell.o(shellCommand)
    shellCommandcmds                         0x08004b50   Data          16  shell.o(shellCommand)
    shellCommandvars                         0x08004b60   Data          16  shell.o(shellCommand)
    shellCommandkeys                         0x08004b70   Data          16  shell.o(shellCommand)
    shellCommandclear                        0x08004b80   Data          16  shell.o(shellCommand)
    shellCommand$$Limit                      0x08004b90   Number         0  shell.o(shellCommand)
    Tasks                                    0x20000000   Data          64  task.o(.data)
    TASK_NUM                                 0x20000040   Data           1  task.o(.data)
    buzzer                                   0x20000044   Data           8  buzzer.o(.data)
    led                                      0x2000004c   Data          12  led.o(.data)
    UART1_Frame_Flag                         0x2000005a   Data           1  usart.o(.data)
    UART1_RLen                               0x2000005c   Data           2  usart.o(.data)
    UART2_Frame_Flag                         0x2000005e   Data           1  usart.o(.data)
    UART2_RLen                               0x20000060   Data           2  usart.o(.data)
    ts06                                     0x20000064   Data          40  ts06.o(.data)
    tkey_value                               0x2000008c   Data           1  ts06.o(.data)
    nrf24                                    0x20000090   Data          88  nrf24l01.o(.data)
    OLED_adjust_flag                         0x200000e8   Data           1  oled.o(.data)
    OLED_Brightness                          0x200000e9   Data           1  oled.o(.data)
    _OLED_Reverse                            0x200000ea   Data           1  oled.o(.data)
    _OLED_Overlap                            0x200000eb   Data           1  oled.o(.data)
    UART1_RBuf                               0x2000014c   Data         256  usart.o(.bss)
    UART2_RBuf                               0x2000024c   Data         256  usart.o(.bss)
    DATA_BUFF                                0x2000034c   Data         128  nrf24l01.o(.bss)
    ir                                       0x200003cc   Data         288  infrade_r.o(.bss)
    logList                                  0x200004ec   Data          20  log.o(.bss)
    __initial_sp                             0x20000920   Data           0  startup_at32f415r8t7.o(STACK)



==============================================================================

Memory Map of the image

  Image Entry point : 0x08000171

  Load Region LR_IROM1 (Base: 0x08000000, Size: 0x00004cdc, Max: 0x00010000, ABSOLUTE, COMPRESSED[0x00004c44])

    Execution Region ER_IROM1 (Exec base: 0x08000000, Load base: 0x08000000, Size: 0x00004b90, Max: 0x00010000, ABSOLUTE)

    Exec Addr    Load Addr    Size         Type   Attr      Idx    E Section Name        Object

    0x08000000   0x08000000   0x00000170   Data   RO         4904    RESET               startup_at32f415r8t7.o
    0x08000170   0x08000170   0x00000000   Code   RO         4955  * .ARM.Collect$$$$00000000  mc_w.l(entry.o)
    0x08000170   0x08000170   0x00000004   Code   RO         5008    .ARM.Collect$$$$00000001  mc_w.l(entry2.o)
    0x08000174   0x08000174   0x00000004   Code   RO         5011    .ARM.Collect$$$$00000004  mc_w.l(entry5.o)
    0x08000178   0x08000178   0x00000000   Code   RO         5013    .ARM.Collect$$$$00000008  mc_w.l(entry7b.o)
    0x08000178   0x08000178   0x00000000   Code   RO         5015    .ARM.Collect$$$$0000000A  mc_w.l(entry8b.o)
    0x08000178   0x08000178   0x00000008   Code   RO         5016    .ARM.Collect$$$$0000000B  mc_w.l(entry9a.o)
    0x08000180   0x08000180   0x00000000   Code   RO         5018    .ARM.Collect$$$$0000000D  mc_w.l(entry10a.o)
    0x08000180   0x08000180   0x00000000   Code   RO         5020    .ARM.Collect$$$$0000000F  mc_w.l(entry11a.o)
    0x08000180   0x08000180   0x00000004   Code   RO         5009    .ARM.Collect$$$$00002712  mc_w.l(entry2.o)
    0x08000184   0x08000184   0x00000024   Code   RO         4905    .text               startup_at32f415r8t7.o
    0x080001a8   0x080001a8   0x00000024   Code   RO         4958    .text               mc_w.l(memcpya.o)
    0x080001cc   0x080001cc   0x00000024   Code   RO         4960    .text               mc_w.l(memseta.o)
    0x080001f0   0x080001f0   0x0000000e   Code   RO         4962    .text               mc_w.l(strlen.o)
    0x080001fe   0x080001fe   0x0000001c   Code   RO         4964    .text               mc_w.l(strcmp.o)
    0x0800021a   0x0800021a   0x0000001a   Code   RO         4966    .text               mc_w.l(memcmp.o)
    0x08000234   0x08000234   0x0000001e   Code   RO         4968    .text               mc_w.l(strncmp.o)
    0x08000252   0x08000252   0x00000064   Code   RO         5000    .text               mf_w.l(fmul.o)
    0x080002b6   0x080002b6   0x0000007c   Code   RO         5002    .text               mf_w.l(fdiv.o)
    0x08000332   0x08000332   0x00000012   Code   RO         5004    .text               mf_w.l(fflti.o)
    0x08000344   0x08000344   0x0000000a   Code   RO         5006    .text               mf_w.l(ffltui.o)
    0x0800034e   0x0800034e   0x0000002c   Code   RO         5023    .text               mc_w.l(uidiv.o)
    0x0800037a   0x0800037a   0x00000062   Code   RO         5025    .text               mc_w.l(uldiv.o)
    0x080003dc   0x080003dc   0x00000000   Code   RO         5027    .text               mc_w.l(iusefp.o)
    0x080003dc   0x080003dc   0x0000006e   Code   RO         5028    .text               mf_w.l(fepilogue.o)
    0x0800044a   0x0800044a   0x0000014e   Code   RO         5030    .text               mf_w.l(dadd.o)
    0x08000598   0x08000598   0x000000e4   Code   RO         5032    .text               mf_w.l(dmul.o)
    0x0800067c   0x0800067c   0x000000de   Code   RO         5034    .text               mf_w.l(ddiv.o)
    0x0800075a   0x0800075a   0x00000030   Code   RO         5036    .text               mf_w.l(dfixul.o)
    0x0800078a   0x0800078a   0x00000002   PAD
    0x0800078c   0x0800078c   0x00000030   Code   RO         5038    .text               mf_w.l(cdrcmple.o)
    0x080007bc   0x080007bc   0x00000024   Code   RO         5040    .text               mc_w.l(init.o)
    0x080007e0   0x080007e0   0x0000001e   Code   RO         5042    .text               mc_w.l(llshl.o)
    0x080007fe   0x080007fe   0x00000020   Code   RO         5044    .text               mc_w.l(llushr.o)
    0x0800081e   0x0800081e   0x00000024   Code   RO         5046    .text               mc_w.l(llsshr.o)
    0x08000842   0x08000842   0x000000ba   Code   RO         5048    .text               mf_w.l(depilogue.o)
    0x080008fc   0x080008fc   0x00000056   Code   RO         5058    .text               mc_w.l(__dczerorl2.o)
    0x08000952   0x08000952   0x00000022   Code   RO         1119    i.Checksum          nrf24l01.o
    0x08000974   0x08000974   0x0000002c   Code   RO         1548    i.EXTI9_5_IRQHandler  infrade_r.o
    0x080009a0   0x080009a0   0x0000000c   Code   RO         3141    i.EXTI_ClearIntPendingBit  at32f4xx_exti.o
    0x080009ac   0x080009ac   0x00000028   Code   RO         3144    i.EXTI_GetIntStatus  at32f4xx_exti.o
    0x080009d4   0x080009d4   0x00000094   Code   RO         3145    i.EXTI_Init         at32f4xx_exti.o
    0x08000a68   0x08000a68   0x00000040   Code   RO         3442    i.GPIO_EXTILineConfig  at32f4xx_gpio.o
    0x08000aa8   0x08000aa8   0x00000116   Code   RO         3445    i.GPIO_Init         at32f4xx_gpio.o
    0x08000bbe   0x08000bbe   0x00000012   Code   RO         3449    i.GPIO_ReadInputDataBit  at32f4xx_gpio.o
    0x08000bd0   0x08000bd0   0x00000004   Code   RO         3453    i.GPIO_ResetBits    at32f4xx_gpio.o
    0x08000bd4   0x08000bd4   0x00000004   Code   RO         3454    i.GPIO_SetBits      at32f4xx_gpio.o
    0x08000bd8   0x08000bd8   0x00000008   Code   RO          978    i.IWDG_Feed         wdg.o
    0x08000be0   0x08000be0   0x00000010   Code   RO         3573    i.IWDG_ReloadCounter  at32f4xx_iwdg.o
    0x08000bf0   0x08000bf0   0x00000070   Code   RO         4857    i.NVIC_Init         misc.o
    0x08000c60   0x08000c60   0x00000014   Code   RO         4858    i.NVIC_PriorityGroupConfig  misc.o
    0x08000c74   0x08000c74   0x00000014   Code   RO         4859    i.NVIC_SetVectorTable  misc.o
    0x08000c88   0x08000c88   0x00000020   Code   RO         3706    i.RCC_APB1PeriphClockCmd  at32f4xx_rcc.o
    0x08000ca8   0x08000ca8   0x00000020   Code   RO         3709    i.RCC_APB2PeriphClockCmd  at32f4xx_rcc.o
    0x08000cc8   0x08000cc8   0x00000024   Code   RO         3736    i.RCC_StepModeCmd   at32f4xx_rcc.o
    0x08000cec   0x08000cec   0x00000058   Code   RO          648    i.SPI1_ReadWriteByte  spi.o
    0x08000d44   0x08000d44   0x00000018   Code   RO         3948    i.SPI_Enable        at32f4xx_spi.o
    0x08000d5c   0x08000d5c   0x00000012   Code   RO         3956    i.SPI_I2S_GetFlagStatus  at32f4xx_spi.o
    0x08000d6e   0x08000d6e   0x00000006   Code   RO         3960    i.SPI_I2S_RxData    at32f4xx_spi.o
    0x08000d74   0x08000d74   0x00000004   Code   RO         3961    i.SPI_I2S_TxData    at32f4xx_spi.o
    0x08000d78   0x08000d78   0x0000005a   Code   RO         3962    i.SPI_Init          at32f4xx_spi.o
    0x08000dd2   0x08000dd2   0x00000008   Code   RO         4912    i.SetSysClock       system_at32f4xx.o
    0x08000dda   0x08000dda   0x00000002   PAD
    0x08000ddc   0x08000ddc   0x00000110   Code   RO         4913    i.SetSysClockTo144M  system_at32f4xx.o
    0x08000eec   0x08000eec   0x0000009c   Code   RO         4915    i.SystemInit        system_at32f4xx.o
    0x08000f88   0x08000f88   0x00000078   Code   RO         4099    i.TI1_Config        at32f4xx_tim.o
    0x08001000   0x08001000   0x0000008c   Code   RO         4100    i.TI2_Config        at32f4xx_tim.o
    0x0800108c   0x0800108c   0x00000084   Code   RO         4101    i.TI3_Config        at32f4xx_tim.o
    0x08001110   0x08001110   0x0000008c   Code   RO         4102    i.TI4_Config        at32f4xx_tim.o
    0x0800119c   0x0800119c   0x0000001a   Code   RO          245    i.TMR2_GLOBAL_IRQHandler  task.o
    0x080011b6   0x080011b6   0x00000002   PAD
    0x080011b8   0x080011b8   0x00000020   Code   RO          409    i.TMR3_GLOBAL_IRQHandler  buzzer.o
    0x080011d8   0x080011d8   0x0000003c   Code   RO         1549    i.TMR4_GLOBAL_IRQHandler  infrade_r.o
    0x08001214   0x08001214   0x00000006   Code   RO         4109    i.TMR_ClearFlag     at32f4xx_tim.o
    0x0800121a   0x0800121a   0x00000006   Code   RO         4110    i.TMR_ClearITPendingBit  at32f4xx_tim.o
    0x08001220   0x08001220   0x00000018   Code   RO         4115    i.TMR_Cmd           at32f4xx_tim.o
    0x08001238   0x08001238   0x00000006   Code   RO         4131    i.TMR_GetCapture2   at32f4xx_tim.o
    0x0800123e   0x0800123e   0x00000006   Code   RO         4134    i.TMR_GetCounter    at32f4xx_tim.o
    0x08001244   0x08001244   0x00000022   Code   RO         4137    i.TMR_GetINTStatus  at32f4xx_tim.o
    0x08001266   0x08001266   0x00000002   PAD
    0x08001268   0x08001268   0x000000a0   Code   RO         4138    i.TMR_ICInit        at32f4xx_tim.o
    0x08001308   0x08001308   0x00000012   Code   RO         4140    i.TMR_INTConfig     at32f4xx_tim.o
    0x0800131a   0x0800131a   0x0000001a   Code   RO         4151    i.TMR_OC2PolarityConfig  at32f4xx_tim.o
    0x08001334   0x08001334   0x00000004   Code   RO         4181    i.TMR_SetCounter    at32f4xx_tim.o
    0x08001338   0x08001338   0x00000012   Code   RO         4182    i.TMR_SetIC1DIV     at32f4xx_tim.o
    0x0800134a   0x0800134a   0x0000001a   Code   RO         4183    i.TMR_SetIC2DIV     at32f4xx_tim.o
    0x08001364   0x08001364   0x00000012   Code   RO         4184    i.TMR_SetIC3DIV     at32f4xx_tim.o
    0x08001376   0x08001376   0x0000001a   Code   RO         4185    i.TMR_SetIC4DIV     at32f4xx_tim.o
    0x08001390   0x08001390   0x00000058   Code   RO         4187    i.TMR_TimeBaseInit  at32f4xx_tim.o
    0x080013e8   0x080013e8   0x00000084   Code   RO          732    i.USART1_IRQHandler  usart.o
    0x0800146c   0x0800146c   0x00000084   Code   RO          733    i.USART2_IRQHandler  usart.o
    0x080014f0   0x080014f0   0x00000012   Code   RO         4665    i.USART_ClearFlag   at32f4xx_usart.o
    0x08001502   0x08001502   0x0000001e   Code   RO         4666    i.USART_ClearITPendingBit  at32f4xx_usart.o
    0x08001520   0x08001520   0x0000001a   Code   RO         4671    i.USART_GetFlagStatus  at32f4xx_usart.o
    0x0800153a   0x0800153a   0x00000054   Code   RO         4672    i.USART_GetITStatus  at32f4xx_usart.o
    0x0800158e   0x0800158e   0x0000000a   Code   RO         4682    i.USART_ReceiveData  at32f4xx_usart.o
    0x08001598   0x08001598   0x0000002c   Code   RO         4978    i.__0vsnprintf      mc_w.l(printfa.o)
    0x080015c4   0x080015c4   0x0000000e   Code   RO         5052    i.__scatterload_copy  mc_w.l(handlers.o)
    0x080015d2   0x080015d2   0x00000002   Code   RO         5053    i.__scatterload_null  mc_w.l(handlers.o)
    0x080015d4   0x080015d4   0x0000000e   Code   RO         5054    i.__scatterload_zeroinit  mc_w.l(handlers.o)
    0x080015e2   0x080015e2   0x00000002   PAD
    0x080015e4   0x080015e4   0x00000184   Code   RO         4980    i._fp_digits        mc_w.l(printfa.o)
    0x08001768   0x08001768   0x000006dc   Code   RO         4981    i._printf_core      mc_w.l(printfa.o)
    0x08001e44   0x08001e44   0x00000024   Code   RO         4982    i._printf_post_padding  mc_w.l(printfa.o)
    0x08001e68   0x08001e68   0x0000002e   Code   RO         4983    i._printf_pre_padding  mc_w.l(printfa.o)
    0x08001e96   0x08001e96   0x00000016   Code   RO         4984    i._snputc           mc_w.l(printfa.o)
    0x08001eac   0x08001eac   0x00000020   Code   RO          466    i.blue_red_drv      led.o
    0x08001ecc   0x08001ecc   0x00000040   Code   RO          410    i.buzzer_init       buzzer.o
    0x08001f0c   0x08001f0c   0x00000078   Code   RO          411    i.buzzer_speak      buzzer.o
    0x08001f84   0x08001f84   0x00000020   Code   RO          412    i.buzzer_start      buzzer.o
    0x08001fa4   0x08001fa4   0x00000010   Code   RO          413    i.buzzer_thread_entry  buzzer.o
    0x08001fb4   0x08001fb4   0x00000034   Code   RO          523    i.data_bitreverse   myiic.o
    0x08001fe8   0x08001fe8   0x000000dc   Code   RO         1011    i.getkey            ts06.o
    0x080020c4   0x080020c4   0x00000026   Code   RO         1012    i.holdkey_handle    ts06.o
    0x080020ea   0x080020ea   0x00000030   Code   RO          524    i.iic_ack           myiic.o
    0x0800211a   0x0800211a   0x0000000e   Code   RO          525    i.iic_delayms       myiic.o
    0x08002128   0x08002128   0x00000016   Code   RO          526    i.iic_init          myiic.o
    0x0800213e   0x0800213e   0x00000030   Code   RO          527    i.iic_nack          myiic.o
    0x0800216e   0x0800216e   0x00000058   Code   RO          528    i.iic_readbyte      myiic.o
    0x080021c6   0x080021c6   0x0000005a   Code   RO          529    i.iic_sendbyte      myiic.o
    0x08002220   0x08002220   0x00000030   Code   RO          530    i.iic_start         myiic.o
    0x08002250   0x08002250   0x00000030   Code   RO          531    i.iic_stop          myiic.o
    0x08002280   0x08002280   0x0000004a   Code   RO          532    i.iic_wait_ack      myiic.o
    0x080022ca   0x080022ca   0x00000048   Code   RO         1550    i.infrade_rx_interrupt  infrade_r.o
    0x08002312   0x08002312   0x00000002   PAD
    0x08002314   0x08002314   0x0000003c   Code   RO         1551    i.infrared_rx_init  infrade_r.o
    0x08002350   0x08002350   0x000000b0   Code   RO         1552    i.ir_code_parse     infrade_r.o
    0x08002400   0x08002400   0x00000048   Code   RO         1553    i.ir_status_analyze  infrade_r.o
    0x08002448   0x08002448   0x0000006c   Code   RO         1554    i.ir_study_record   infrade_r.o
    0x080024b4   0x080024b4   0x0000001c   Code   RO         1555    i.ir_study_status   infrade_r.o
    0x080024d0   0x080024d0   0x00000018   Code   RO         1556    i.ir_thread_entry   infrade_r.o
    0x080024e8   0x080024e8   0x000000dc   Code   RO         1557    i.ir_wave_analyze   infrade_r.o
    0x080025c4   0x080025c4   0x0000001c   Code   RO         1013    i.key_thread_entry  ts06.o
    0x080025e0   0x080025e0   0x0000001a   Code   RO          467    i.led_func          led.o
    0x080025fa   0x080025fa   0x00000002   PAD
    0x080025fc   0x080025fc   0x0000003c   Code   RO          468    i.led_gpio_init     led.o
    0x08002638   0x08002638   0x0000000a   Code   RO          469    i.led_init          led.o
    0x08002642   0x08002642   0x00000002   PAD
    0x08002644   0x08002644   0x00000044   Code   RO          470    i.led_thread_entry  led.o
    0x08002688   0x08002688   0x0000013c   Code   RO         1850    i.logHexDump        log.o
    0x080027c4   0x080027c4   0x00000078   Code   RO         1852    i.logSetLevel       log.o
    0x0800283c   0x0800283c   0x00000080   Code   RO         1854    i.logWrite          log.o
    0x080028bc   0x080028bc   0x00000058   Code   RO            4    i.main              main.o
    0x08002914   0x08002914   0x00000020   Code   RO         1120    i.nrf24_ce          nrf24l01.o
    0x08002934   0x08002934   0x0000002c   Code   RO         1121    i.nrf24_ce_gpio_init  nrf24l01.o
    0x08002960   0x08002960   0x00000040   Code   RO         1122    i.nrf24_check       nrf24l01.o
    0x080029a0   0x080029a0   0x00000020   Code   RO         1123    i.nrf24_cs          nrf24l01.o
    0x080029c0   0x080029c0   0x00000028   Code   RO         1124    i.nrf24_cs_gpio_init  nrf24l01.o
    0x080029e8   0x080029e8   0x00000052   Code   RO         1125    i.nrf24_init        nrf24l01.o
    0x08002a3a   0x08002a3a   0x00000002   PAD
    0x08002a3c   0x08002a3c   0x0000002c   Code   RO         1126    i.nrf24_irq_gpio_init  nrf24l01.o
    0x08002a68   0x08002a68   0x00000010   Code   RO         1127    i.nrf24_irq_read    nrf24l01.o
    0x08002a78   0x08002a78   0x0000002a   Code   RO         1128    i.nrf24_read_register  nrf24l01.o
    0x08002aa2   0x08002aa2   0x0000003e   Code   RO         1129    i.nrf24_read_register_nbytes  nrf24l01.o
    0x08002ae0   0x08002ae0   0x00000080   Code   RO         1130    i.nrf24_rx_mode     nrf24l01.o
    0x08002b60   0x08002b60   0x0000004c   Code   RO         1131    i.nrf24_rxpacket    nrf24l01.o
    0x08002bac   0x08002bac   0x000000ec   Code   RO         1132    i.nrf24_transmit    nrf24l01.o
    0x08002c98   0x08002c98   0x0000007e   Code   RO         1133    i.nrf24_tx_mode     nrf24l01.o
    0x08002d16   0x08002d16   0x0000006c   Code   RO         1134    i.nrf24_txpacket    nrf24l01.o
    0x08002d82   0x08002d82   0x0000002c   Code   RO         1135    i.nrf24_write_register  nrf24l01.o
    0x08002dae   0x08002dae   0x00000042   Code   RO         1136    i.nrf24_write_register_nbytes  nrf24l01.o
    0x08002df0   0x08002df0   0x00000020   Code   RO          471    i.red_red_drv       led.o
    0x08002e10   0x08002e10   0x00000014   Code   RO         1137    i.rf_thread_entry   nrf24l01.o
    0x08002e24   0x08002e24   0x0000000e   Code   RO         1909    i.shellBackspace    shell.o
    0x08002e32   0x08002e32   0x00000002   PAD
    0x08002e34   0x08002e34   0x00000044   Code   RO         1910    i.shellCheckPassword  shell.o
    0x08002e78   0x08002e78   0x00000036   Code   RO         1911    i.shellCheckPermission  shell.o
    0x08002eae   0x08002eae   0x00000002   PAD
    0x08002eb0   0x08002eb0   0x0000001c   Code   RO         1912    i.shellClear        shell.o
    0x08002ecc   0x08002ecc   0x00000028   Code   RO         1913    i.shellClearCommandLine  shell.o
    0x08002ef4   0x08002ef4   0x00000012   Code   RO         1914    i.shellCmds         shell.o
    0x08002f06   0x08002f06   0x00000010   Code   RO         1915    i.shellDelete       shell.o
    0x08002f16   0x08002f16   0x000000da   Code   RO         1916    i.shellDeleteByte   shell.o
    0x08002ff0   0x08002ff0   0x00000020   Code   RO         1917    i.shellDeleteCommandLine  shell.o
    0x08003010   0x08003010   0x00000010   Code   RO         1918    i.shellDown         shell.o
    0x08003020   0x08003020   0x00000012   Code   RO         1919    i.shellEnter        shell.o
    0x08003032   0x08003032   0x00000002   PAD
    0x08003034   0x08003034   0x00000080   Code   RO         1920    i.shellExec         shell.o
    0x080030b4   0x080030b4   0x00000058   Code   RO         2266    i.shellExtNumType   shell_ext.o
    0x0800310c   0x0800310c   0x00000046   Code   RO         2267    i.shellExtParseChar  shell_ext.o
    0x08003152   0x08003152   0x000000e8   Code   RO         2268    i.shellExtParseNumber  shell_ext.o
    0x0800323a   0x0800323a   0x00000056   Code   RO         2269    i.shellExtParsePara  shell_ext.o
    0x08003290   0x08003290   0x0000004a   Code   RO         2270    i.shellExtParseString  shell_ext.o
    0x080032da   0x080032da   0x00000024   Code   RO         2271    i.shellExtParseVar  shell_ext.o
    0x080032fe   0x080032fe   0x000000ca   Code   RO         2272    i.shellExtRun       shell_ext.o
    0x080033c8   0x080033c8   0x00000036   Code   RO         2273    i.shellExtToNum     shell_ext.o
    0x080033fe   0x080033fe   0x00000030   Code   RO         1921    i.shellGetCommandDesc  shell.o
    0x0800342e   0x0800342e   0x00000002   PAD
    0x08003430   0x08003430   0x00000050   Code   RO         1922    i.shellGetCommandName  shell.o
    0x08003480   0x08003480   0x00000034   Code   RO         1923    i.shellGetCurrent   shell.o
    0x080034b4   0x080034b4   0x0000003c   Code   RO         1924    i.shellGetVarValue  shell.o
    0x080034f0   0x080034f0   0x0000007c   Code   RO         1926    i.shellHelp         shell.o
    0x0800356c   0x0800356c   0x000000c2   Code   RO         1927    i.shellHistory      shell.o
    0x0800362e   0x0800362e   0x0000007a   Code   RO         1928    i.shellHistoryAdd   shell.o
    0x080036a8   0x080036a8   0x00000012   Code   RO         1931    i.shellKeys         shell.o
    0x080036ba   0x080036ba   0x0000001a   Code   RO         1932    i.shellLeft         shell.o
    0x080036d4   0x080036d4   0x0000000c   Code   RO         1933    i.shellListAll      shell.o
    0x080036e0   0x080036e0   0x0000004c   Code   RO         1934    i.shellListCommand  shell.o
    0x0800372c   0x0800372c   0x000000fc   Code   RO         1935    i.shellListItem     shell.o
    0x08003828   0x08003828   0x00000058   Code   RO         1936    i.shellListKey      shell.o
    0x08003880   0x08003880   0x00000058   Code   RO         1937    i.shellListUser     shell.o
    0x080038d8   0x080038d8   0x00000058   Code   RO         1938    i.shellListVar      shell.o
    0x08003930   0x08003930   0x00000088   Code   RO         1940    i.shellParserParam  shell.o
    0x080039b8   0x080039b8   0x00000068   Code   RO         1942    i.shellRemoveParamQuotes  shell.o
    0x08003a20   0x08003a20   0x0000001e   Code   RO         1943    i.shellRight        shell.o
    0x08003a3e   0x08003a3e   0x000000aa   Code   RO         1945    i.shellRunCommand   shell.o
    0x08003ae8   0x08003ae8   0x0000007a   Code   RO         1946    i.shellSeekCommand  shell.o
    0x08003b62   0x08003b62   0x00000002   PAD
    0x08003b64   0x08003b64   0x0000005c   Code   RO         1947    i.shellSetUser      shell.o
    0x08003bc0   0x08003bc0   0x00000078   Code   RO         1948    i.shellSetVar       shell.o
    0x08003c38   0x08003c38   0x0000005c   Code   RO         1949    i.shellSetVarValue  shell.o
    0x08003c94   0x08003c94   0x00000090   Code   RO         1950    i.shellShowVar      shell.o
    0x08003d24   0x08003d24   0x0000002c   Code   RO         1951    i.shellStringCompare  shell.o
    0x08003d50   0x08003d50   0x00000018   Code   RO         1952    i.shellStringCopy   shell.o
    0x08003d68   0x08003d68   0x0000010c   Code   RO         1953    i.shellTab          shell.o
    0x08003e74   0x08003e74   0x00000056   Code   RO         1955    i.shellToDec        shell.o
    0x08003eca   0x08003eca   0x00000038   Code   RO         1956    i.shellToHex        shell.o
    0x08003f02   0x08003f02   0x0000000e   Code   RO         1957    i.shellUp           shell.o
    0x08003f10   0x08003f10   0x00000012   Code   RO         1958    i.shellUsers        shell.o
    0x08003f22   0x08003f22   0x00000012   Code   RO         1959    i.shellVars         shell.o
    0x08003f34   0x08003f34   0x0000000e   Code   RO         1960    i.shellWriteByte    shell.o
    0x08003f42   0x08003f42   0x00000050   Code   RO         1961    i.shellWriteCommandDesc  shell.o
    0x08003f92   0x08003f92   0x00000002   PAD
    0x08003f94   0x08003f94   0x00000064   Code   RO         1962    i.shellWriteCommandLine  shell.o
    0x08003ff8   0x08003ff8   0x0000008c   Code   RO         1963    i.shellWriteReturnValue  shell.o
    0x08004084   0x08004084   0x00000028   Code   RO         1964    i.shellWriteString  shell.o
    0x080040ac   0x080040ac   0x00000090   Code   RO          650    i.spi_gpio_init     spi.o
    0x0800413c   0x0800413c   0x0000005c   Code   RO          246    i.task_handler      task.o
    0x08004198   0x08004198   0x00000088   Code   RO          247    i.task_scheduler    task.o
    0x08004220   0x08004220   0x0000007a   Code   RO          686    i.timer2_init       timer.o
    0x0800429a   0x0800429a   0x00000002   PAD
    0x0800429c   0x0800429c   0x0000007c   Code   RO          687    i.timer3_init       timer.o
    0x08004318   0x08004318   0x000000bc   Code   RO          688    i.timer4_init       timer.o
    0x080043d4   0x080043d4   0x00000054   Code   RO         1014    i.trigkey_handle    ts06.o
    0x08004428   0x08004428   0x00000054   Code   RO         1015    i.ts06_gpio_init    ts06.o
    0x0800447c   0x0800447c   0x0000002a   Code   RO         1016    i.ts06_init         ts06.o
    0x080044a6   0x080044a6   0x0000005c   Code   RO         1017    i.ts06_readbyte     ts06.o
    0x08004502   0x08004502   0x00000002   PAD
    0x08004504   0x08004504   0x00000020   Code   RO         1018    i.ts06_sck_out      ts06.o
    0x08004524   0x08004524   0x0000003c   Code   RO         1019    i.ts06_sda_mode     ts06.o
    0x08004560   0x08004560   0x00000024   Code   RO         1020    i.ts06_sda_out      ts06.o
    0x08004584   0x08004584   0x00000014   Code   RO         1021    i.ts06_sda_read     ts06.o
    0x08004598   0x08004598   0x00000046   Code   RO         1022    i.ts06_writebyte    ts06.o
    0x080045de   0x080045de   0x0000001c   Code   RO          204    i.xdelay_ms         delay.o
    0x080045fa   0x080045fa   0x00000018   Code   RO          205    i.xdelay_us         delay.o
    0x08004612   0x08004612   0x00000054   Data   RO         1856    .constdata          log.o
    0x08004666   0x08004666   0x000000e3   Data   RO         1966    .constdata          shell.o
    0x08004749   0x08004749   0x00000003   PAD
    0x0800474c   0x0800474c   0x00000048   Data   RO         1857    .conststring        log.o
    0x08004794   0x08004794   0x00000299   Data   RO         1967    .conststring        shell.o
    0x08004a2d   0x08004a2d   0x00000003   PAD
    0x08004a30   0x08004a30   0x00000020   Data   RO         5050    Region$$Table       anon$$obj.o
    0x08004a50   0x08004a50   0x00000020   Data   RO         1858    shellCommand        log.o
    0x08004a70   0x08004a70   0x00000120   Data   RO         1969    shellCommand        shell.o


    Execution Region RW_IRAM1 (Exec base: 0x20000000, Load base: 0x08004b90, Size: 0x00000920, Max: 0x00008000, ABSOLUTE, COMPRESSED[0x000000b4])

    Exec Addr    Load Addr    Size         Type   Attr      Idx    E Section Name        Object

    0x20000000   COMPRESSED   0x00000043   Data   RW          248    .data               task.o
    0x20000043   COMPRESSED   0x00000001   PAD
    0x20000044   COMPRESSED   0x00000008   Data   RW          414    .data               buzzer.o
    0x2000004c   COMPRESSED   0x0000000d   Data   RW          472    .data               led.o
    0x20000059   COMPRESSED   0x00000001   Data   RW          533    .data               myiic.o
    0x2000005a   COMPRESSED   0x00000008   Data   RW          747    .data               usart.o
    0x20000062   COMPRESSED   0x00000002   PAD
    0x20000064   COMPRESSED   0x00000029   Data   RW         1023    .data               ts06.o
    0x2000008d   COMPRESSED   0x00000003   PAD
    0x20000090   COMPRESSED   0x00000058   Data   RW         1139    .data               nrf24l01.o
    0x200000e8   COMPRESSED   0x0000000c   Data   RW         1327    .data               oled.o
    0x200000f4   COMPRESSED   0x00000002   Data   RW         1560    .data               infrade_r.o
    0x200000f6   COMPRESSED   0x00000002   PAD
    0x200000f8   COMPRESSED   0x00000054   Data   RW         1968    .data               shell.o
    0x2000014c        -       0x00000200   Zero   RW          746    .bss                usart.o
    0x2000034c        -       0x00000080   Zero   RW         1138    .bss                nrf24l01.o
    0x200003cc        -       0x00000120   Zero   RW         1558    .bss                infrade_r.o
    0x200004ec        -       0x00000014   Zero   RW         1855    .bss                log.o
    0x20000500        -       0x0000001d   Zero   RW         1965    .bss                shell.o
    0x2000051d   COMPRESSED   0x00000003   PAD
    0x20000520        -       0x00000400   Zero   RW         4902    STACK               startup_at32f415r8t7.o


==============================================================================

Image component sizes


      Code (inc. data)   RO Data    RW Data    ZI Data      Debug   Object Name

         0          0          0          0          0        504   24cxx.o
       200         18          0          0          0       2402   at32f4xx_exti.o
       368          4          0          0          0       4682   at32f4xx_gpio.o
        16          6          0          0          0        505   at32f4xx_iwdg.o
       100         16          0          0          0       1748   at32f4xx_rcc.o
       142          0          0          0          0       4198   at32f4xx_spi.o
       998         98          0          0          0      12913   at32f4xx_tim.o
       168          0          0          0          0       5010   at32f4xx_usart.o
       264         18          0          8          0       3872   buzzer.o
        52          0          0          0          0       1112   delay.o
       864         58          0          2        288       7221   infrade_r.o
       228         28          0         13          0       4068   led.o
       564        174        188          0         20      10214   log.o
        88         16          0          0          0     280659   main.o
       152         30          0          0          0       2365   misc.o
       532          6          0          1          0       5976   myiic.o
         0          0          0          0          0        504   myspi.o
      1296         52          0         88        128      13824   nrf24l01.o
         0          0          0         12          0       2133   oled.o
      3890        192       1180         84         29      33511   shell.o
       842          8          0          0          0       6102   shell_ext.o
       232         14          0          0          0       1229   spi.o
        36          8        368          0       1024        820   startup_at32f415r8t7.o
       436         48          0          0          0       2185   system_at32f4xx.o
       254         26          0         67          0       2970   task.o
       434          8          0          0          0       2166   timer.o
       806         58          0         41          0       8876   ts06.o
       264         36          0          8        512       1972   usart.o
         8          0          0          0          0        420   wdg.o

    ----------------------------------------------------------------------
     13264        922       1774        332       2004     424161   Object Totals
         0          0         32          0          0          0   (incl. Generated)
        30          0          6          8          3          0   (incl. Padding)

    ----------------------------------------------------------------------

      Code (inc. data)   RO Data    RW Data    ZI Data      Debug   Library Member Name

        86          0          0          0          0          0   __dczerorl2.o
         0          0          0          0          0          0   entry.o
         0          0          0          0          0          0   entry10a.o
         0          0          0          0          0          0   entry11a.o
         8          4          0          0          0          0   entry2.o
         4          0          0          0          0          0   entry5.o
         0          0          0          0          0          0   entry7b.o
         0          0          0          0          0          0   entry8b.o
         8          4          0          0          0          0   entry9a.o
        30          0          0          0          0          0   handlers.o
        36          8          0          0          0         68   init.o
         0          0          0          0          0          0   iusefp.o
        30          0          0          0          0         68   llshl.o
        36          0          0          0          0         68   llsshr.o
        32          0          0          0          0         68   llushr.o
        26          0          0          0          0         80   memcmp.o
        36          0          0          0          0         68   memcpya.o
        36          0          0          0          0        108   memseta.o
      2292         84          0          0          0        516   printfa.o
        28          0          0          0          0         76   strcmp.o
        14          0          0          0          0         68   strlen.o
        30          0          0          0          0         80   strncmp.o
        44          0          0          0          0         80   uidiv.o
        98          0          0          0          0         92   uldiv.o
        48          0          0          0          0         68   cdrcmple.o
       334          0          0          0          0        148   dadd.o
       222          0          0          0          0        100   ddiv.o
       186          0          0          0          0        176   depilogue.o
        48          0          0          0          0         68   dfixul.o
       228          0          0          0          0         96   dmul.o
       124          0          0          0          0         88   fdiv.o
       110          0          0          0          0        168   fepilogue.o
        18          0          0          0          0         68   fflti.o
        10          0          0          0          0         68   ffltui.o
       100          0          0          0          0         76   fmul.o

    ----------------------------------------------------------------------
      4306        100          0          0          0       2564   Library Totals
         4          0          0          0          0          0   (incl. Padding)

    ----------------------------------------------------------------------

      Code (inc. data)   RO Data    RW Data    ZI Data      Debug   Library Name

      2874        100          0          0          0       1440   mc_w.l
      1428          0          0          0          0       1124   mf_w.l

    ----------------------------------------------------------------------
      4306        100          0          0          0       2564   Library Totals

    ----------------------------------------------------------------------

==============================================================================


      Code (inc. data)   RO Data    RW Data    ZI Data      Debug   

     17570       1022       1774        332       2004     416193   Grand Totals
     17570       1022       1774        180       2004     416193   ELF Image Totals (compressed)
     17570       1022       1774        180          0          0   ROM Totals

==============================================================================

    Total RO  Size (Code + RO Data)                19344 (  18.89kB)
    Total RW  Size (RW Data + ZI Data)              2336 (   2.28kB)
    Total ROM Size (Code + RO Data + RW Data)      19524 (  19.07kB)

==============================================================================

